mode: set
github.com/opensecstack/apiguard/internal/api/routes.go:45.3,50.40 2 1
github.com/opensecstack/apiguard/internal/api/routes.go:50.40,61.30 4 1
github.com/opensecstack/apiguard/internal/api/routes.go:61.30,66.4 4 1
github.com/opensecstack/apiguard/internal/api/routes.go:69.3,69.30 1 1
github.com/opensecstack/apiguard/internal/api/routes.go:69.30,73.4 3 1
github.com/opensecstack/apiguard/internal/api/routes.go:75.3,83.30 5 1
github.com/opensecstack/apiguard/internal/api/routes.go:83.30,124.44 19 1
github.com/opensecstack/apiguard/internal/api/routes.go:124.44,128.5 3 1
github.com/opensecstack/apiguard/internal/api/routes.go:131.4,131.51 1 1
github.com/opensecstack/apiguard/internal/api/server.go:52.82,71.31 6 0
github.com/opensecstack/apiguard/internal/api/server.go:71.31,74.17 3 0
github.com/opensecstack/apiguard/internal/api/server.go:74.17,77.4 1 0
github.com/opensecstack/apiguard/internal/api/server.go:80.2,104.10 7 0
github.com/opensecstack/apiguard/internal/api/server.go:108.32,126.12 7 0
github.com/opensecstack/apiguard/internal/api/server.go:126.12,127.73 1 0
github.com/opensecstack/apiguard/internal/api/server.go:127.73,129.4 1 0
github.com/opensecstack/apiguard/internal/api/server.go:130.3,130.18 1 0
github.com/opensecstack/apiguard/internal/api/server.go:133.2,133.9 1 0
github.com/opensecstack/apiguard/internal/api/server.go:134.25,135.13 1 0
github.com/opensecstack/apiguard/internal/api/server.go:136.20,142.47 6 0
github.com/opensecstack/apiguard/internal/api/server.go:142.47,144.4 1 0
github.com/opensecstack/apiguard/internal/api/server.go:146.3,146.28 1 0
github.com/opensecstack/apiguard/internal/api/server.go:146.28,150.14 4 0
github.com/opensecstack/apiguard/internal/api/server.go:150.14,153.5 2 0
github.com/opensecstack/apiguard/internal/api/server.go:154.4,154.11 1 0
github.com/opensecstack/apiguard/internal/api/server.go:155.21,155.21 0 0
github.com/opensecstack/apiguard/internal/api/server.go:156.30,157.77 1 0
github.com/opensecstack/apiguard/internal/api/server.go:160.3,163.28 4 0
github.com/opensecstack/apiguard/internal/api/server.go:163.28,165.4 1 0
github.com/opensecstack/apiguard/internal/api/server.go:167.3,169.52 3 0
github.com/opensecstack/apiguard/internal/api/server.go:169.52,171.4 1 0
github.com/opensecstack/apiguard/internal/api/server.go:172.3,172.31 1 0
github.com/opensecstack/apiguard/internal/api/server.go:172.31,174.4 1 0
github.com/opensecstack/apiguard/internal/api/server.go:175.3,181.29 7 0
github.com/opensecstack/apiguard/internal/api/server.go:181.29,183.4 1 0
github.com/opensecstack/apiguard/internal/api/server.go:184.3,186.13 3 0
github.com/opensecstack/apiguard/internal/api/server.go:191.38,193.2 1 0
github.com/opensecstack/apiguard/internal/api/server.go:195.36,213.20 9 0
github.com/opensecstack/apiguard/internal/api/server.go:213.20,215.3 1 0
github.com/opensecstack/apiguard/internal/api/server.go:216.2,218.54 3 0
github.com/opensecstack/apiguard/internal/api/server.go:221.35,246.2 21 0
