mode: set
github.com/opensecstack/apiguard/internal/db/api_keys.go:32.98,35.42 2 0
github.com/opensecstack/apiguard/internal/db/api_keys.go:35.42,37.3 1 0
github.com/opensecstack/apiguard/internal/db/api_keys.go:38.2,45.17 5 0
github.com/opensecstack/apiguard/internal/db/api_keys.go:45.17,47.3 1 0
github.com/opensecstack/apiguard/internal/db/api_keys.go:49.2,64.16 3 0
github.com/opensecstack/apiguard/internal/db/api_keys.go:64.16,66.3 1 0
github.com/opensecstack/apiguard/internal/db/api_keys.go:68.2,68.28 1 0
github.com/opensecstack/apiguard/internal/db/api_keys.go:73.98,75.114 2 0
github.com/opensecstack/apiguard/internal/db/api_keys.go:75.114,77.3 1 0
github.com/opensecstack/apiguard/internal/db/api_keys.go:79.2,86.16 2 0
github.com/opensecstack/apiguard/internal/db/api_keys.go:86.16,88.3 1 0
github.com/opensecstack/apiguard/internal/db/api_keys.go:89.2,92.18 3 0
github.com/opensecstack/apiguard/internal/db/api_keys.go:92.18,103.17 2 0
github.com/opensecstack/apiguard/internal/db/api_keys.go:103.17,105.4 1 0
github.com/opensecstack/apiguard/internal/db/api_keys.go:106.3,106.25 1 0
github.com/opensecstack/apiguard/internal/db/api_keys.go:108.2,108.17 1 0
github.com/opensecstack/apiguard/internal/db/api_keys.go:108.17,110.3 1 0
github.com/opensecstack/apiguard/internal/db/api_keys.go:111.2,111.32 1 0
github.com/opensecstack/apiguard/internal/db/api_keys.go:115.86,123.16 2 0
github.com/opensecstack/apiguard/internal/db/api_keys.go:123.16,125.3 1 0
github.com/opensecstack/apiguard/internal/db/api_keys.go:126.2,126.29 1 0
github.com/opensecstack/apiguard/internal/db/api_keys.go:126.29,128.3 1 0
github.com/opensecstack/apiguard/internal/db/api_keys.go:129.2,129.12 1 0
github.com/opensecstack/apiguard/internal/db/api_keys.go:134.84,141.16 3 0
github.com/opensecstack/apiguard/internal/db/api_keys.go:141.16,142.36 1 0
github.com/opensecstack/apiguard/internal/db/api_keys.go:142.36,144.4 1 0
github.com/opensecstack/apiguard/internal/db/api_keys.go:145.3,145.58 1 0
github.com/opensecstack/apiguard/internal/db/api_keys.go:149.2,154.18 2 0
github.com/opensecstack/apiguard/internal/db/api_specs.go:14.70,16.24 2 0
github.com/opensecstack/apiguard/internal/db/api_specs.go:16.24,18.3 1 0
github.com/opensecstack/apiguard/internal/db/api_specs.go:19.2,20.21 2 0
github.com/opensecstack/apiguard/internal/db/api_specs.go:20.21,22.3 1 0
github.com/opensecstack/apiguard/internal/db/api_specs.go:24.2,25.18 2 0
github.com/opensecstack/apiguard/internal/db/api_specs.go:25.18,27.3 1 0
github.com/opensecstack/apiguard/internal/db/api_specs.go:29.2,52.16 2 0
github.com/opensecstack/apiguard/internal/db/api_specs.go:52.16,54.3 1 0
github.com/opensecstack/apiguard/internal/db/api_specs.go:55.2,55.12 1 0
github.com/opensecstack/apiguard/internal/db/api_specs.go:59.83,73.16 3 0
github.com/opensecstack/apiguard/internal/db/api_specs.go:73.16,74.27 1 0
github.com/opensecstack/apiguard/internal/db/api_specs.go:74.27,76.4 1 0
github.com/opensecstack/apiguard/internal/db/api_specs.go:77.3,77.55 1 0
github.com/opensecstack/apiguard/internal/db/api_specs.go:79.2,79.16 1 0
github.com/opensecstack/apiguard/internal/db/api_specs.go:83.83,88.16 2 0
github.com/opensecstack/apiguard/internal/db/api_specs.go:88.16,90.3 1 0
github.com/opensecstack/apiguard/internal/db/api_specs.go:91.2,91.28 1 0
github.com/opensecstack/apiguard/internal/db/api_specs.go:91.28,93.3 1 0
github.com/opensecstack/apiguard/internal/db/api_specs.go:94.2,94.12 1 0
github.com/opensecstack/apiguard/internal/db/audit_log.go:61.57,63.23 2 0
github.com/opensecstack/apiguard/internal/db/audit_log.go:63.23,65.3 1 0
github.com/opensecstack/apiguard/internal/db/audit_log.go:66.2,70.27 3 0
github.com/opensecstack/apiguard/internal/db/audit_log.go:70.27,71.13 1 0
github.com/opensecstack/apiguard/internal/db/audit_log.go:71.13,77.20 4 0
github.com/opensecstack/apiguard/internal/db/audit_log.go:77.20,78.24 1 0
github.com/opensecstack/apiguard/internal/db/audit_log.go:78.24,80.6 1 0
github.com/opensecstack/apiguard/internal/db/audit_log.go:81.5,81.29 1 0
github.com/opensecstack/apiguard/internal/db/audit_log.go:81.29,83.57 2 0
github.com/opensecstack/apiguard/internal/db/audit_log.go:83.57,85.7 1 0
github.com/opensecstack/apiguard/internal/db/audit_log.go:86.6,87.20 2 0
github.com/opensecstack/apiguard/internal/db/audit_log.go:89.5,89.22 1 0
github.com/opensecstack/apiguard/internal/db/audit_log.go:92.4,92.8 1 0
github.com/opensecstack/apiguard/internal/db/audit_log.go:92.8,93.12 1 0
github.com/opensecstack/apiguard/internal/db/audit_log.go:94.28,96.38 2 0
github.com/opensecstack/apiguard/internal/db/audit_log.go:96.38,99.7 2 0
github.com/opensecstack/apiguard/internal/db/audit_log.go:101.21,102.13 1 0
github.com/opensecstack/apiguard/internal/db/audit_log.go:104.17,106.10 1 0
github.com/opensecstack/apiguard/internal/db/audit_log.go:106.10,107.14 1 0
github.com/opensecstack/apiguard/internal/db/audit_log.go:108.30,109.32 1 0
github.com/opensecstack/apiguard/internal/db/audit_log.go:110.15,112.14 2 0
github.com/opensecstack/apiguard/internal/db/audit_log.go:120.2,120.16 1 0
github.com/opensecstack/apiguard/internal/db/audit_log.go:120.16,120.31 1 0
github.com/opensecstack/apiguard/internal/db/audit_log.go:130.47,132.12 2 1
github.com/opensecstack/apiguard/internal/db/audit_log.go:132.12,135.3 2 1
github.com/opensecstack/apiguard/internal/db/audit_log.go:136.2,136.9 1 1
github.com/opensecstack/apiguard/internal/db/audit_log.go:137.14,138.13 1 1
github.com/opensecstack/apiguard/internal/db/audit_log.go:139.20,140.19 1 1
github.com/opensecstack/apiguard/internal/db/audit_log.go:151.102,156.14 4 0
github.com/opensecstack/apiguard/internal/db/audit_log.go:156.14,163.3 1 0
github.com/opensecstack/apiguard/internal/db/audit_log.go:165.2,167.9 3 0
github.com/opensecstack/apiguard/internal/db/audit_log.go:168.14,168.14 0 0
github.com/opensecstack/apiguard/internal/db/audit_log.go:170.10,177.56 4 0
github.com/opensecstack/apiguard/internal/db/audit_log.go:177.56,183.4 1 0
github.com/opensecstack/apiguard/internal/db/audit_log.go:183.9,188.4 1 0
github.com/opensecstack/apiguard/internal/db/audit_log.go:190.2,190.12 1 0
github.com/opensecstack/apiguard/internal/db/audit_log.go:197.83,201.16 3 0
github.com/opensecstack/apiguard/internal/db/audit_log.go:201.16,203.3 1 0
github.com/opensecstack/apiguard/internal/db/audit_log.go:204.2,210.92 2 0
github.com/opensecstack/apiguard/internal/db/audit_log.go:210.92,212.3 1 0
github.com/opensecstack/apiguard/internal/db/audit_log.go:217.2,221.32 3 0
github.com/opensecstack/apiguard/internal/db/audit_log.go:221.32,223.3 1 0
github.com/opensecstack/apiguard/internal/db/audit_log.go:225.2,229.29 4 0
github.com/opensecstack/apiguard/internal/db/audit_log.go:229.29,231.3 1 0
github.com/opensecstack/apiguard/internal/db/audit_log.go:232.2,233.21 2 0
github.com/opensecstack/apiguard/internal/db/audit_log.go:233.21,235.3 1 0
github.com/opensecstack/apiguard/internal/db/audit_log.go:238.2,250.21 5 0
github.com/opensecstack/apiguard/internal/db/audit_log.go:250.21,252.3 1 0
github.com/opensecstack/apiguard/internal/db/audit_log.go:254.2,255.32 2 0
github.com/opensecstack/apiguard/internal/db/audit_log.go:255.32,257.3 1 0
github.com/opensecstack/apiguard/internal/db/audit_log.go:258.2,258.31 1 0
github.com/opensecstack/apiguard/internal/db/audit_log.go:258.31,260.3 1 0
github.com/opensecstack/apiguard/internal/db/audit_log.go:262.2,286.16 1 0
github.com/opensecstack/apiguard/internal/db/audit_log.go:286.16,288.3 1 0
github.com/opensecstack/apiguard/internal/db/audit_log.go:290.2,290.39 1 0
github.com/opensecstack/apiguard/internal/db/audit_log.go:290.39,292.3 1 0
github.com/opensecstack/apiguard/internal/db/audit_log.go:294.2,300.22 5 0
github.com/opensecstack/apiguard/internal/db/audit_log.go:300.22,316.3 2 0
github.com/opensecstack/apiguard/internal/db/audit_log.go:318.2,318.12 1 0
github.com/opensecstack/apiguard/internal/db/audit_log.go:330.118,331.14 1 0
github.com/opensecstack/apiguard/internal/db/audit_log.go:331.14,333.3 1 0
github.com/opensecstack/apiguard/internal/db/audit_log.go:334.2,334.34 1 0
github.com/opensecstack/apiguard/internal/db/audit_log.go:334.34,336.3 1 0
github.com/opensecstack/apiguard/internal/db/audit_log.go:337.2,342.28 4 0
github.com/opensecstack/apiguard/internal/db/audit_log.go:342.28,345.3 2 0
github.com/opensecstack/apiguard/internal/db/audit_log.go:346.2,346.27 1 0
github.com/opensecstack/apiguard/internal/db/audit_log.go:346.27,349.3 2 0
github.com/opensecstack/apiguard/internal/db/audit_log.go:350.2,350.31 1 0
github.com/opensecstack/apiguard/internal/db/audit_log.go:350.31,353.3 2 0
github.com/opensecstack/apiguard/internal/db/audit_log.go:354.2,354.33 1 0
github.com/opensecstack/apiguard/internal/db/audit_log.go:354.33,357.3 2 0
github.com/opensecstack/apiguard/internal/db/audit_log.go:359.2,360.20 2 0
github.com/opensecstack/apiguard/internal/db/audit_log.go:360.20,362.3 1 0
github.com/opensecstack/apiguard/internal/db/audit_log.go:365.2,367.79 3 0
github.com/opensecstack/apiguard/internal/db/audit_log.go:367.79,369.3 1 0
github.com/opensecstack/apiguard/internal/db/audit_log.go:374.2,385.16 5 0
github.com/opensecstack/apiguard/internal/db/audit_log.go:385.16,387.3 1 0
github.com/opensecstack/apiguard/internal/db/audit_log.go:388.2,391.18 3 0
github.com/opensecstack/apiguard/internal/db/audit_log.go:391.18,397.17 2 0
github.com/opensecstack/apiguard/internal/db/audit_log.go:397.17,399.4 1 0
github.com/opensecstack/apiguard/internal/db/audit_log.go:400.3,400.31 1 0
github.com/opensecstack/apiguard/internal/db/audit_log.go:402.2,402.20 1 0
github.com/opensecstack/apiguard/internal/db/audit_log.go:402.20,404.3 1 0
github.com/opensecstack/apiguard/internal/db/audit_log.go:405.2,405.35 1 0
github.com/opensecstack/apiguard/internal/db/db.go:16.63,18.16 2 0
github.com/opensecstack/apiguard/internal/db/db.go:18.16,20.3 1 0
github.com/opensecstack/apiguard/internal/db/db.go:22.2,23.16 2 0
github.com/opensecstack/apiguard/internal/db/db.go:23.16,25.3 1 0
github.com/opensecstack/apiguard/internal/db/db.go:27.2,27.39 1 0
github.com/opensecstack/apiguard/internal/db/db.go:27.39,30.3 2 0
github.com/opensecstack/apiguard/internal/db/db.go:32.2,32.29 1 0
github.com/opensecstack/apiguard/internal/db/db.go:36.22,38.2 1 0
github.com/opensecstack/apiguard/internal/db/db.go:41.46,43.2 1 0
github.com/opensecstack/apiguard/internal/db/findings.go:14.49,27.2 3 0
github.com/opensecstack/apiguard/internal/db/findings.go:40.73,60.2 2 0
github.com/opensecstack/apiguard/internal/db/findings.go:63.76,67.24 3 0
github.com/opensecstack/apiguard/internal/db/findings.go:67.24,69.3 1 0
github.com/opensecstack/apiguard/internal/db/findings.go:71.2,83.26 3 0
github.com/opensecstack/apiguard/internal/db/findings.go:83.26,93.3 2 0
github.com/opensecstack/apiguard/internal/db/findings.go:95.2,98.26 3 0
github.com/opensecstack/apiguard/internal/db/findings.go:98.26,102.17 1 0
github.com/opensecstack/apiguard/internal/db/findings.go:102.17,104.4 1 0
github.com/opensecstack/apiguard/internal/db/findings.go:107.2,107.12 1 0
github.com/opensecstack/apiguard/internal/db/findings.go:111.78,115.16 3 0
github.com/opensecstack/apiguard/internal/db/findings.go:115.16,116.27 1 0
github.com/opensecstack/apiguard/internal/db/findings.go:116.27,118.4 1 0
github.com/opensecstack/apiguard/internal/db/findings.go:119.3,119.54 1 0
github.com/opensecstack/apiguard/internal/db/findings.go:121.2,121.15 1 0
github.com/opensecstack/apiguard/internal/db/findings.go:126.115,131.39 4 0
github.com/opensecstack/apiguard/internal/db/findings.go:131.39,133.3 1 0
github.com/opensecstack/apiguard/internal/db/findings.go:134.2,134.16 1 0
github.com/opensecstack/apiguard/internal/db/findings.go:134.16,136.3 1 0
github.com/opensecstack/apiguard/internal/db/findings.go:138.2,142.27 4 0
github.com/opensecstack/apiguard/internal/db/findings.go:142.27,146.3 3 0
github.com/opensecstack/apiguard/internal/db/findings.go:147.2,147.29 1 0
github.com/opensecstack/apiguard/internal/db/findings.go:147.29,151.3 3 0
github.com/opensecstack/apiguard/internal/db/findings.go:152.2,152.27 1 0
github.com/opensecstack/apiguard/internal/db/findings.go:152.27,156.3 3 0
github.com/opensecstack/apiguard/internal/db/findings.go:157.2,157.28 1 0
github.com/opensecstack/apiguard/internal/db/findings.go:157.28,161.3 3 0
github.com/opensecstack/apiguard/internal/db/findings.go:162.2,162.29 1 0
github.com/opensecstack/apiguard/internal/db/findings.go:162.29,166.3 3 0
github.com/opensecstack/apiguard/internal/db/findings.go:168.2,169.25 2 0
github.com/opensecstack/apiguard/internal/db/findings.go:169.25,171.3 1 0
github.com/opensecstack/apiguard/internal/db/findings.go:174.2,176.79 3 0
github.com/opensecstack/apiguard/internal/db/findings.go:176.79,178.3 1 0
github.com/opensecstack/apiguard/internal/db/findings.go:181.2,188.16 4 0
github.com/opensecstack/apiguard/internal/db/findings.go:188.16,190.3 1 0
github.com/opensecstack/apiguard/internal/db/findings.go:191.2,194.18 3 0
github.com/opensecstack/apiguard/internal/db/findings.go:194.18,205.17 2 0
github.com/opensecstack/apiguard/internal/db/findings.go:205.17,207.4 1 0
github.com/opensecstack/apiguard/internal/db/findings.go:208.3,208.33 1 0
github.com/opensecstack/apiguard/internal/db/findings.go:211.2,211.35 1 0
github.com/opensecstack/apiguard/internal/db/findings.go:211.35,213.3 1 0
github.com/opensecstack/apiguard/internal/db/findings.go:215.2,215.29 1 0
github.com/opensecstack/apiguard/internal/db/findings.go:219.119,226.16 3 0
github.com/opensecstack/apiguard/internal/db/findings.go:226.16,228.3 1 0
github.com/opensecstack/apiguard/internal/db/findings.go:229.2,229.28 1 0
github.com/opensecstack/apiguard/internal/db/findings.go:229.28,231.3 1 0
github.com/opensecstack/apiguard/internal/db/findings.go:232.2,232.12 1 0
github.com/opensecstack/apiguard/internal/db/findings.go:236.115,239.2 2 0
github.com/opensecstack/apiguard/internal/db/inventory.go:14.100,19.39 4 0
github.com/opensecstack/apiguard/internal/db/inventory.go:19.39,21.3 1 0
github.com/opensecstack/apiguard/internal/db/inventory.go:22.2,22.16 1 0
github.com/opensecstack/apiguard/internal/db/inventory.go:22.16,24.3 1 0
github.com/opensecstack/apiguard/internal/db/inventory.go:26.2,27.96 2 0
github.com/opensecstack/apiguard/internal/db/inventory.go:27.96,29.3 1 0
github.com/opensecstack/apiguard/internal/db/inventory.go:30.2,30.16 1 0
github.com/opensecstack/apiguard/internal/db/inventory.go:30.16,32.3 1 0
github.com/opensecstack/apiguard/internal/db/inventory.go:34.2,40.16 2 0
github.com/opensecstack/apiguard/internal/db/inventory.go:40.16,42.3 1 0
github.com/opensecstack/apiguard/internal/db/inventory.go:43.2,46.18 3 0
github.com/opensecstack/apiguard/internal/db/inventory.go:46.18,52.17 2 0
github.com/opensecstack/apiguard/internal/db/inventory.go:52.17,54.4 1 0
github.com/opensecstack/apiguard/internal/db/inventory.go:55.3,55.29 1 0
github.com/opensecstack/apiguard/internal/db/inventory.go:57.2,57.26 1 0
github.com/opensecstack/apiguard/internal/db/inventory.go:61.92,75.16 5 0
github.com/opensecstack/apiguard/internal/db/inventory.go:75.16,76.27 1 0
github.com/opensecstack/apiguard/internal/db/inventory.go:76.27,78.4 1 0
github.com/opensecstack/apiguard/internal/db/inventory.go:79.3,79.56 1 0
github.com/opensecstack/apiguard/internal/db/inventory.go:81.2,81.18 1 0
github.com/opensecstack/apiguard/internal/db/inventory.go:87.121,92.39 4 0
github.com/opensecstack/apiguard/internal/db/inventory.go:92.39,94.3 1 0
github.com/opensecstack/apiguard/internal/db/inventory.go:95.2,95.16 1 0
github.com/opensecstack/apiguard/internal/db/inventory.go:95.16,97.3 1 0
github.com/opensecstack/apiguard/internal/db/inventory.go:99.2,105.16 3 0
github.com/opensecstack/apiguard/internal/db/inventory.go:105.16,107.3 1 0
github.com/opensecstack/apiguard/internal/db/inventory.go:108.2,108.16 1 0
github.com/opensecstack/apiguard/internal/db/inventory.go:108.16,110.3 1 0
github.com/opensecstack/apiguard/internal/db/inventory.go:112.2,122.16 2 0
github.com/opensecstack/apiguard/internal/db/inventory.go:122.16,124.3 1 0
github.com/opensecstack/apiguard/internal/db/inventory.go:125.2,128.18 3 0
github.com/opensecstack/apiguard/internal/db/inventory.go:128.18,135.17 2 0
github.com/opensecstack/apiguard/internal/db/inventory.go:135.17,137.4 1 0
github.com/opensecstack/apiguard/internal/db/inventory.go:138.3,138.27 1 0
github.com/opensecstack/apiguard/internal/db/inventory.go:140.2,140.26 1 0
github.com/opensecstack/apiguard/internal/db/refresh_tokens.go:28.90,34.16 2 0
github.com/opensecstack/apiguard/internal/db/refresh_tokens.go:34.16,36.3 1 0
github.com/opensecstack/apiguard/internal/db/refresh_tokens.go:37.2,37.12 1 0
github.com/opensecstack/apiguard/internal/db/refresh_tokens.go:42.101,49.16 3 0
github.com/opensecstack/apiguard/internal/db/refresh_tokens.go:49.16,51.3 1 0
github.com/opensecstack/apiguard/internal/db/refresh_tokens.go:52.2,52.20 1 0
github.com/opensecstack/apiguard/internal/db/refresh_tokens.go:58.115,59.30 1 0
github.com/opensecstack/apiguard/internal/db/refresh_tokens.go:59.30,61.3 1 0
github.com/opensecstack/apiguard/internal/db/refresh_tokens.go:62.2,62.16 1 0
github.com/opensecstack/apiguard/internal/db/refresh_tokens.go:62.16,64.3 1 0
github.com/opensecstack/apiguard/internal/db/refresh_tokens.go:66.2,72.16 2 0
github.com/opensecstack/apiguard/internal/db/refresh_tokens.go:72.16,74.3 1 0
github.com/opensecstack/apiguard/internal/db/refresh_tokens.go:75.2,78.18 3 0
github.com/opensecstack/apiguard/internal/db/refresh_tokens.go:78.18,81.58 3 0
github.com/opensecstack/apiguard/internal/db/refresh_tokens.go:81.58,83.4 1 0
github.com/opensecstack/apiguard/internal/db/refresh_tokens.go:84.3,85.22 2 0
github.com/opensecstack/apiguard/internal/db/refresh_tokens.go:85.22,87.4 1 0
github.com/opensecstack/apiguard/internal/db/refresh_tokens.go:88.3,91.5 1 0
github.com/opensecstack/apiguard/internal/db/refresh_tokens.go:93.2,93.19 1 0
github.com/opensecstack/apiguard/internal/db/refresh_tokens.go:93.19,95.3 1 0
github.com/opensecstack/apiguard/internal/db/refresh_tokens.go:96.2,96.27 1 0
github.com/opensecstack/apiguard/internal/db/scan_approvals.go:43.115,53.55 5 0
github.com/opensecstack/apiguard/internal/db/scan_approvals.go:53.55,55.3 1 0
github.com/opensecstack/apiguard/internal/db/scan_approvals.go:56.2,56.15 1 0
github.com/opensecstack/apiguard/internal/db/scan_approvals.go:60.100,73.16 6 0
github.com/opensecstack/apiguard/internal/db/scan_approvals.go:73.16,74.27 1 0
github.com/opensecstack/apiguard/internal/db/scan_approvals.go:74.27,76.4 1 0
github.com/opensecstack/apiguard/internal/db/scan_approvals.go:77.3,77.60 1 0
github.com/opensecstack/apiguard/internal/db/scan_approvals.go:79.2,79.16 1 0
github.com/opensecstack/apiguard/internal/db/scan_approvals.go:88.97,97.16 5 0
github.com/opensecstack/apiguard/internal/db/scan_approvals.go:97.16,99.3 1 0
github.com/opensecstack/apiguard/internal/db/scan_approvals.go:100.2,100.28 1 0
github.com/opensecstack/apiguard/internal/db/scan_approvals.go:100.28,102.3 1 0
github.com/opensecstack/apiguard/internal/db/scan_approvals.go:103.2,103.12 1 0
github.com/opensecstack/apiguard/internal/db/scan_approvals.go:110.104,119.16 5 0
github.com/opensecstack/apiguard/internal/db/scan_approvals.go:119.16,121.3 1 0
github.com/opensecstack/apiguard/internal/db/scan_approvals.go:122.2,122.28 1 0
github.com/opensecstack/apiguard/internal/db/scan_approvals.go:122.28,124.3 1 0
github.com/opensecstack/apiguard/internal/db/scan_approvals.go:125.2,125.12 1 0
github.com/opensecstack/apiguard/internal/db/scans.go:14.64,25.25 3 0
github.com/opensecstack/apiguard/internal/db/scans.go:25.25,27.3 1 0
github.com/opensecstack/apiguard/internal/db/scans.go:28.2,28.28 1 0
github.com/opensecstack/apiguard/internal/db/scans.go:28.28,30.3 1 0
github.com/opensecstack/apiguard/internal/db/scans.go:32.2,45.52 2 0
github.com/opensecstack/apiguard/internal/db/scans.go:49.72,68.16 6 0
github.com/opensecstack/apiguard/internal/db/scans.go:68.16,69.27 1 0
github.com/opensecstack/apiguard/internal/db/scans.go:69.27,71.4 1 0
github.com/opensecstack/apiguard/internal/db/scans.go:72.3,72.51 1 0
github.com/opensecstack/apiguard/internal/db/scans.go:74.2,74.16 1 0
github.com/opensecstack/apiguard/internal/db/scans.go:80.106,85.39 4 0
github.com/opensecstack/apiguard/internal/db/scans.go:85.39,87.3 1 0
github.com/opensecstack/apiguard/internal/db/scans.go:88.2,88.16 1 0
github.com/opensecstack/apiguard/internal/db/scans.go:88.16,90.3 1 0
github.com/opensecstack/apiguard/internal/db/scans.go:92.2,93.24 2 0
github.com/opensecstack/apiguard/internal/db/scans.go:93.24,94.121 1 0
github.com/opensecstack/apiguard/internal/db/scans.go:94.121,96.4 1 0
github.com/opensecstack/apiguard/internal/db/scans.go:97.8,98.89 1 0
github.com/opensecstack/apiguard/internal/db/scans.go:98.89,100.4 1 0
github.com/opensecstack/apiguard/internal/db/scans.go:103.2,114.24 3 0
github.com/opensecstack/apiguard/internal/db/scans.go:114.24,117.3 1 0
github.com/opensecstack/apiguard/internal/db/scans.go:117.8,119.3 1 0
github.com/opensecstack/apiguard/internal/db/scans.go:120.2,120.16 1 0
github.com/opensecstack/apiguard/internal/db/scans.go:120.16,122.3 1 0
github.com/opensecstack/apiguard/internal/db/scans.go:123.2,126.18 3 0
github.com/opensecstack/apiguard/internal/db/scans.go:126.18,133.17 2 0
github.com/opensecstack/apiguard/internal/db/scans.go:133.17,135.4 1 0
github.com/opensecstack/apiguard/internal/db/scans.go:136.3,136.27 1 0
github.com/opensecstack/apiguard/internal/db/scans.go:139.2,139.35 1 0
github.com/opensecstack/apiguard/internal/db/scans.go:139.35,141.3 1 0
github.com/opensecstack/apiguard/internal/db/scans.go:143.2,143.26 1 0
github.com/opensecstack/apiguard/internal/db/scans.go:149.91,152.16 3 0
github.com/opensecstack/apiguard/internal/db/scans.go:152.16,153.27 1 0
github.com/opensecstack/apiguard/internal/db/scans.go:153.27,155.4 1 0
github.com/opensecstack/apiguard/internal/db/scans.go:156.3,156.53 1 0
github.com/opensecstack/apiguard/internal/db/scans.go:159.2,159.101 1 0
github.com/opensecstack/apiguard/internal/db/scans.go:159.101,161.3 1 0
github.com/opensecstack/apiguard/internal/db/scans.go:163.2,166.16 3 0
github.com/opensecstack/apiguard/internal/db/scans.go:167.25,170.40 3 0
github.com/opensecstack/apiguard/internal/db/scans.go:171.66,174.40 3 0
github.com/opensecstack/apiguard/internal/db/scans.go:175.52,177.35 2 0
github.com/opensecstack/apiguard/internal/db/scans.go:178.10,180.35 2 0
github.com/opensecstack/apiguard/internal/db/scans.go:183.2,184.16 2 0
github.com/opensecstack/apiguard/internal/db/scans.go:184.16,186.3 1 0
github.com/opensecstack/apiguard/internal/db/scans.go:187.2,187.28 1 0
github.com/opensecstack/apiguard/internal/db/scans.go:187.28,189.3 1 0
github.com/opensecstack/apiguard/internal/db/scans.go:190.2,190.12 1 0
github.com/opensecstack/apiguard/internal/db/scans.go:194.94,205.16 3 0
github.com/opensecstack/apiguard/internal/db/scans.go:205.16,207.3 1 0
github.com/opensecstack/apiguard/internal/db/scans.go:208.2,208.28 1 0
github.com/opensecstack/apiguard/internal/db/scans.go:208.28,210.3 1 0
github.com/opensecstack/apiguard/internal/db/scans.go:211.2,211.12 1 0
github.com/opensecstack/apiguard/internal/db/scans.go:217.86,225.16 4 0
github.com/opensecstack/apiguard/internal/db/scans.go:225.16,227.3 1 0
github.com/opensecstack/apiguard/internal/db/scans.go:228.2,228.28 1 0
github.com/opensecstack/apiguard/internal/db/scans.go:228.28,230.3 1 0
github.com/opensecstack/apiguard/internal/db/scans.go:231.2,231.12 1 0
github.com/opensecstack/apiguard/internal/db/scans.go:235.66,239.16 3 0
github.com/opensecstack/apiguard/internal/db/scans.go:239.16,241.3 1 0
github.com/opensecstack/apiguard/internal/db/scans.go:242.2,242.28 1 0
github.com/opensecstack/apiguard/internal/db/scans.go:242.28,244.3 1 0
github.com/opensecstack/apiguard/internal/db/scans.go:245.2,245.12 1 0
