mode: set
github.com/opensecstack/apiguard/internal/api/handlers/apikeys.go:30.117,37.2 1 1
github.com/opensecstack/apiguard/internal/api/handlers/apikeys.go:40.138,48.14 2 0
github.com/opensecstack/apiguard/internal/api/handlers/apikeys.go:48.14,50.3 1 0
github.com/opensecstack/apiguard/internal/api/handlers/apikeys.go:51.2,51.14 1 0
github.com/opensecstack/apiguard/internal/api/handlers/apikeys.go:51.14,53.3 1 0
github.com/opensecstack/apiguard/internal/api/handlers/apikeys.go:54.2,54.67 1 0
github.com/opensecstack/apiguard/internal/api/handlers/apikeys.go:54.67,56.3 1 0
github.com/opensecstack/apiguard/internal/api/handlers/apikeys.go:61.51,62.77 1 0
github.com/opensecstack/apiguard/internal/api/handlers/apikeys.go:62.77,64.3 1 0
github.com/opensecstack/apiguard/internal/api/handlers/apikeys.go:65.2,65.21 1 0
github.com/opensecstack/apiguard/internal/api/handlers/apikeys.go:71.64,76.16 4 1
github.com/opensecstack/apiguard/internal/api/handlers/apikeys.go:76.16,80.3 3 0
github.com/opensecstack/apiguard/internal/api/handlers/apikeys.go:82.2,88.4 2 0
github.com/opensecstack/apiguard/internal/api/handlers/apikeys.go:106.66,109.61 3 1
github.com/opensecstack/apiguard/internal/api/handlers/apikeys.go:109.61,112.3 2 1
github.com/opensecstack/apiguard/internal/api/handlers/apikeys.go:114.2,117.16 3 0
github.com/opensecstack/apiguard/internal/api/handlers/apikeys.go:117.16,121.3 3 0
github.com/opensecstack/apiguard/internal/api/handlers/apikeys.go:123.2,130.4 2 0
github.com/opensecstack/apiguard/internal/api/handlers/apikeys.go:135.66,138.16 3 1
github.com/opensecstack/apiguard/internal/api/handlers/apikeys.go:138.16,141.3 2 1
github.com/opensecstack/apiguard/internal/api/handlers/apikeys.go:143.2,145.70 2 0
github.com/opensecstack/apiguard/internal/api/handlers/apikeys.go:145.70,148.22 1 0
github.com/opensecstack/apiguard/internal/api/handlers/apikeys.go:148.22,150.4 1 0
github.com/opensecstack/apiguard/internal/api/handlers/apikeys.go:150.9,153.4 2 0
github.com/opensecstack/apiguard/internal/api/handlers/apikeys.go:154.3,154.9 1 0
github.com/opensecstack/apiguard/internal/api/handlers/apikeys.go:157.2,160.37 2 0
github.com/opensecstack/apiguard/internal/api/handlers/audit.go:20.62,25.2 1 1
github.com/opensecstack/apiguard/internal/api/handlers/audit.go:29.62,34.37 4 1
github.com/opensecstack/apiguard/internal/api/handlers/audit.go:34.37,36.3 1 0
github.com/opensecstack/apiguard/internal/api/handlers/audit.go:37.2,37.35 1 1
github.com/opensecstack/apiguard/internal/api/handlers/audit.go:37.35,38.28 1 1
github.com/opensecstack/apiguard/internal/api/handlers/audit.go:58.39,60.28 2 1
github.com/opensecstack/apiguard/internal/api/handlers/audit.go:61.11,63.10 2 1
github.com/opensecstack/apiguard/internal/api/handlers/audit.go:66.2,66.42 1 1
github.com/opensecstack/apiguard/internal/api/handlers/audit.go:66.42,68.3 1 0
github.com/opensecstack/apiguard/internal/api/handlers/audit.go:70.2,70.40 1 1
github.com/opensecstack/apiguard/internal/api/handlers/audit.go:70.40,72.17 2 1
github.com/opensecstack/apiguard/internal/api/handlers/audit.go:72.17,75.4 2 1
github.com/opensecstack/apiguard/internal/api/handlers/audit.go:76.3,76.31 1 1
github.com/opensecstack/apiguard/internal/api/handlers/audit.go:79.2,80.16 2 1
github.com/opensecstack/apiguard/internal/api/handlers/audit.go:80.16,84.3 3 0
github.com/opensecstack/apiguard/internal/api/handlers/audit.go:88.2,94.4 2 0
github.com/opensecstack/apiguard/internal/api/handlers/auth.go:43.63,49.2 1 1
github.com/opensecstack/apiguard/internal/api/handlers/auth.go:54.184,64.2 1 1
github.com/opensecstack/apiguard/internal/api/handlers/auth.go:66.146,67.17 1 1
github.com/opensecstack/apiguard/internal/api/handlers/auth.go:67.17,69.3 1 1
github.com/opensecstack/apiguard/internal/api/handlers/auth.go:70.2,77.14 2 0
github.com/opensecstack/apiguard/internal/api/handlers/auth.go:77.14,79.3 1 0
github.com/opensecstack/apiguard/internal/api/handlers/auth.go:80.2,80.14 1 0
github.com/opensecstack/apiguard/internal/api/handlers/auth.go:80.14,82.3 1 0
github.com/opensecstack/apiguard/internal/api/handlers/auth.go:83.2,83.67 1 0
github.com/opensecstack/apiguard/internal/api/handlers/auth.go:83.67,85.3 1 0
github.com/opensecstack/apiguard/internal/api/handlers/auth.go:100.62,102.32 1 1
github.com/opensecstack/apiguard/internal/api/handlers/auth.go:102.32,105.3 2 1
github.com/opensecstack/apiguard/internal/api/handlers/auth.go:108.2,108.49 1 1
github.com/opensecstack/apiguard/internal/api/handlers/auth.go:108.49,111.3 2 1
github.com/opensecstack/apiguard/internal/api/handlers/auth.go:113.2,115.61 3 1
github.com/opensecstack/apiguard/internal/api/handlers/auth.go:115.61,118.3 2 1
github.com/opensecstack/apiguard/internal/api/handlers/auth.go:120.2,120.22 1 1
github.com/opensecstack/apiguard/internal/api/handlers/auth.go:120.22,123.3 2 1
github.com/opensecstack/apiguard/internal/api/handlers/auth.go:126.2,126.32 1 1
github.com/opensecstack/apiguard/internal/api/handlers/auth.go:126.32,130.3 3 1
github.com/opensecstack/apiguard/internal/api/handlers/auth.go:132.2,133.17 2 1
github.com/opensecstack/apiguard/internal/api/handlers/auth.go:133.17,135.3 1 1
github.com/opensecstack/apiguard/internal/api/handlers/auth.go:139.2,143.16 4 1
github.com/opensecstack/apiguard/internal/api/handlers/auth.go:143.16,147.3 3 0
github.com/opensecstack/apiguard/internal/api/handlers/auth.go:149.2,155.90 2 1
github.com/opensecstack/apiguard/internal/api/handlers/auth.go:164.45,166.17 1 1
github.com/opensecstack/apiguard/internal/api/handlers/auth.go:166.17,170.17 4 0
github.com/opensecstack/apiguard/internal/api/handlers/auth.go:170.17,172.4 1 0
github.com/opensecstack/apiguard/internal/api/handlers/auth.go:172.9,172.19 1 0
github.com/opensecstack/apiguard/internal/api/handlers/auth.go:172.19,176.4 2 0
github.com/opensecstack/apiguard/internal/api/handlers/auth.go:184.2,184.39 1 1
github.com/opensecstack/apiguard/internal/api/handlers/auth.go:184.39,185.41 1 1
github.com/opensecstack/apiguard/internal/api/handlers/auth.go:185.41,187.4 1 1
github.com/opensecstack/apiguard/internal/api/handlers/auth.go:189.2,189.14 1 1
github.com/opensecstack/apiguard/internal/api/handlers/auth.go:194.106,206.16 4 1
github.com/opensecstack/apiguard/internal/api/handlers/auth.go:206.16,208.3 1 0
github.com/opensecstack/apiguard/internal/api/handlers/auth.go:210.2,216.38 5 1
github.com/opensecstack/apiguard/internal/api/handlers/auth.go:219.36,221.2 1 1
github.com/opensecstack/apiguard/internal/api/handlers/auth.go:225.61,231.2 1 1
github.com/opensecstack/apiguard/internal/api/handlers/auth.go:246.69,247.32 1 1
github.com/opensecstack/apiguard/internal/api/handlers/auth.go:247.32,250.3 2 1
github.com/opensecstack/apiguard/internal/api/handlers/auth.go:252.2,254.61 3 1
github.com/opensecstack/apiguard/internal/api/handlers/auth.go:254.61,257.3 2 1
github.com/opensecstack/apiguard/internal/api/handlers/auth.go:259.2,259.28 1 1
github.com/opensecstack/apiguard/internal/api/handlers/auth.go:259.28,262.3 2 1
github.com/opensecstack/apiguard/internal/api/handlers/auth.go:264.2,265.16 2 1
github.com/opensecstack/apiguard/internal/api/handlers/auth.go:265.16,269.3 3 1
github.com/opensecstack/apiguard/internal/api/handlers/auth.go:274.2,275.65 2 1
github.com/opensecstack/apiguard/internal/api/handlers/auth.go:275.65,279.3 3 1
github.com/opensecstack/apiguard/internal/api/handlers/auth.go:281.2,281.17 1 1
github.com/opensecstack/apiguard/internal/api/handlers/auth.go:281.17,283.17 2 0
github.com/opensecstack/apiguard/internal/api/handlers/auth.go:283.17,287.4 3 0
github.com/opensecstack/apiguard/internal/api/handlers/auth.go:288.3,288.14 1 0
github.com/opensecstack/apiguard/internal/api/handlers/auth.go:288.14,294.4 4 0
github.com/opensecstack/apiguard/internal/api/handlers/auth.go:298.2,298.65 1 1
github.com/opensecstack/apiguard/internal/api/handlers/auth.go:298.65,301.17 3 0
github.com/opensecstack/apiguard/internal/api/handlers/auth.go:301.17,306.4 3 0
github.com/opensecstack/apiguard/internal/api/handlers/auth.go:307.3,307.13 1 0
github.com/opensecstack/apiguard/internal/api/handlers/auth.go:307.13,311.4 3 0
github.com/opensecstack/apiguard/internal/api/handlers/auth.go:314.2,315.17 2 1
github.com/opensecstack/apiguard/internal/api/handlers/auth.go:315.17,317.3 1 0
github.com/opensecstack/apiguard/internal/api/handlers/auth.go:319.2,320.16 2 1
github.com/opensecstack/apiguard/internal/api/handlers/auth.go:320.16,324.3 3 0
github.com/opensecstack/apiguard/internal/api/handlers/auth.go:328.2,329.28 2 1
github.com/opensecstack/apiguard/internal/api/handlers/auth.go:329.28,331.3 1 1
github.com/opensecstack/apiguard/internal/api/handlers/auth.go:332.2,333.16 2 1
github.com/opensecstack/apiguard/internal/api/handlers/auth.go:333.16,337.3 3 0
github.com/opensecstack/apiguard/internal/api/handlers/auth.go:339.2,344.4 1 1
github.com/opensecstack/apiguard/internal/api/handlers/auth.go:356.75,357.32 1 1
github.com/opensecstack/apiguard/internal/api/handlers/auth.go:357.32,360.3 2 0
github.com/opensecstack/apiguard/internal/api/handlers/auth.go:362.2,363.47 2 1
github.com/opensecstack/apiguard/internal/api/handlers/auth.go:363.47,366.3 2 1
github.com/opensecstack/apiguard/internal/api/handlers/auth.go:367.2,369.80 2 1
github.com/opensecstack/apiguard/internal/api/handlers/auth.go:369.80,373.3 3 1
github.com/opensecstack/apiguard/internal/api/handlers/auth.go:375.2,378.79 2 1
github.com/opensecstack/apiguard/internal/api/handlers/auth.go:378.79,381.3 2 1
github.com/opensecstack/apiguard/internal/api/handlers/auth.go:385.2,385.17 1 1
github.com/opensecstack/apiguard/internal/api/handlers/auth.go:385.17,387.17 2 0
github.com/opensecstack/apiguard/internal/api/handlers/auth.go:387.17,391.4 3 0
github.com/opensecstack/apiguard/internal/api/handlers/auth.go:392.3,392.14 1 0
github.com/opensecstack/apiguard/internal/api/handlers/auth.go:392.14,397.4 3 0
github.com/opensecstack/apiguard/internal/api/handlers/auth.go:401.2,401.17 1 1
github.com/opensecstack/apiguard/internal/api/handlers/auth.go:401.17,402.82 1 0
github.com/opensecstack/apiguard/internal/api/handlers/auth.go:402.82,406.4 3 0
github.com/opensecstack/apiguard/internal/api/handlers/auth.go:410.2,413.37 3 1
github.com/opensecstack/apiguard/internal/api/handlers/auth.go:428.63,429.32 1 1
github.com/opensecstack/apiguard/internal/api/handlers/auth.go:429.32,432.3 2 1
github.com/opensecstack/apiguard/internal/api/handlers/auth.go:434.2,435.47 2 1
github.com/opensecstack/apiguard/internal/api/handlers/auth.go:435.47,438.3 2 1
github.com/opensecstack/apiguard/internal/api/handlers/auth.go:439.2,444.16 3 1
github.com/opensecstack/apiguard/internal/api/handlers/auth.go:444.16,448.3 3 1
github.com/opensecstack/apiguard/internal/api/handlers/auth.go:450.2,450.23 1 1
github.com/opensecstack/apiguard/internal/api/handlers/auth.go:450.23,453.3 2 1
github.com/opensecstack/apiguard/internal/api/handlers/auth.go:455.2,457.73 2 1
github.com/opensecstack/apiguard/internal/api/handlers/auth.go:462.117,464.15 2 1
github.com/opensecstack/apiguard/internal/api/handlers/auth.go:464.15,465.30 1 1
github.com/opensecstack/apiguard/internal/api/handlers/auth.go:465.30,467.26 2 1
github.com/opensecstack/apiguard/internal/api/handlers/auth.go:467.26,469.5 1 1
github.com/opensecstack/apiguard/internal/api/handlers/auth.go:472.2,476.33 2 1
github.com/opensecstack/apiguard/internal/api/handlers/auth.go:476.33,478.17 2 1
github.com/opensecstack/apiguard/internal/api/handlers/auth.go:478.17,480.4 1 1
github.com/opensecstack/apiguard/internal/api/handlers/auth.go:482.2,482.17 1 1
github.com/opensecstack/apiguard/internal/api/handlers/auth.go:489.74,490.17 1 0
github.com/opensecstack/apiguard/internal/api/handlers/auth.go:490.17,493.3 2 0
github.com/opensecstack/apiguard/internal/api/handlers/auth.go:495.2,498.16 4 0
github.com/opensecstack/apiguard/internal/api/handlers/auth.go:498.16,502.3 3 0
github.com/opensecstack/apiguard/internal/api/handlers/auth.go:504.2,507.4 1 0
github.com/opensecstack/apiguard/internal/api/handlers/auth.go:512.44,515.2 2 1
github.com/opensecstack/apiguard/internal/api/handlers/auth.go:519.69,521.24 2 1
github.com/opensecstack/apiguard/internal/api/handlers/auth.go:521.24,523.3 1 1
github.com/opensecstack/apiguard/internal/api/handlers/auth.go:525.2,534.16 7 1
github.com/opensecstack/apiguard/internal/api/handlers/auth.go:534.16,536.3 1 1
github.com/opensecstack/apiguard/internal/api/handlers/auth.go:538.2,538.41 1 1
github.com/opensecstack/apiguard/internal/api/handlers/auth.go:538.41,540.3 1 1
github.com/opensecstack/apiguard/internal/api/handlers/auth.go:543.2,544.16 2 1
github.com/opensecstack/apiguard/internal/api/handlers/auth.go:544.16,546.3 1 0
github.com/opensecstack/apiguard/internal/api/handlers/auth.go:548.2,549.62 2 1
github.com/opensecstack/apiguard/internal/api/handlers/auth.go:549.62,551.3 1 0
github.com/opensecstack/apiguard/internal/api/handlers/auth.go:553.2,553.21 1 1
github.com/opensecstack/apiguard/internal/api/handlers/auth.go:553.21,555.3 1 0
github.com/opensecstack/apiguard/internal/api/handlers/auth.go:556.2,556.36 1 1
github.com/opensecstack/apiguard/internal/api/handlers/auth.go:556.36,558.3 1 1
github.com/opensecstack/apiguard/internal/api/handlers/auth.go:559.2,559.22 1 1
github.com/opensecstack/apiguard/internal/api/handlers/auth.go:559.22,561.3 1 1
github.com/opensecstack/apiguard/internal/api/handlers/auth.go:562.2,562.30 1 1
github.com/opensecstack/apiguard/internal/api/handlers/auth.go:562.30,564.3 1 1
github.com/opensecstack/apiguard/internal/api/handlers/auth.go:565.2,565.30 1 1
github.com/opensecstack/apiguard/internal/api/handlers/auth.go:565.30,567.3 1 1
github.com/opensecstack/apiguard/internal/api/handlers/auth.go:568.2,568.29 1 1
github.com/opensecstack/apiguard/internal/api/handlers/auth.go:568.29,570.3 1 1
github.com/opensecstack/apiguard/internal/api/handlers/auth.go:572.2,572.21 1 1
github.com/opensecstack/apiguard/internal/api/handlers/auth.go:586.48,588.2 1 1
github.com/opensecstack/apiguard/internal/api/handlers/auth.go:590.43,591.85 1 1
github.com/opensecstack/apiguard/internal/api/handlers/auth.go:591.85,593.3 1 1
github.com/opensecstack/apiguard/internal/api/handlers/auth.go:594.2,594.18 1 1
github.com/opensecstack/apiguard/internal/api/handlers/auth.go:606.69,607.17 1 1
github.com/opensecstack/apiguard/internal/api/handlers/auth.go:607.17,610.3 2 1
github.com/opensecstack/apiguard/internal/api/handlers/auth.go:611.2,613.61 3 1
github.com/opensecstack/apiguard/internal/api/handlers/auth.go:613.61,616.3 2 1
github.com/opensecstack/apiguard/internal/api/handlers/auth.go:617.2,617.29 1 1
github.com/opensecstack/apiguard/internal/api/handlers/auth.go:617.29,620.3 2 1
github.com/opensecstack/apiguard/internal/api/handlers/auth.go:621.2,628.4 4 1
github.com/opensecstack/apiguard/internal/api/handlers/findings.go:21.161,24.77 3 0
github.com/opensecstack/apiguard/internal/api/handlers/findings.go:24.77,27.3 2 0
github.com/opensecstack/apiguard/internal/api/handlers/findings.go:28.2,37.14 3 0
github.com/opensecstack/apiguard/internal/api/handlers/findings.go:37.14,39.3 1 0
github.com/opensecstack/apiguard/internal/api/handlers/findings.go:40.2,40.14 1 0
github.com/opensecstack/apiguard/internal/api/handlers/findings.go:40.14,42.3 1 0
github.com/opensecstack/apiguard/internal/api/handlers/findings.go:43.2,43.67 1 0
github.com/opensecstack/apiguard/internal/api/handlers/findings.go:43.67,45.24 2 0
github.com/opensecstack/apiguard/internal/api/handlers/findings.go:45.24,47.4 1 0
github.com/opensecstack/apiguard/internal/api/handlers/findings.go:48.3,48.35 1 0
github.com/opensecstack/apiguard/internal/api/handlers/findings.go:61.68,66.2 1 1
github.com/opensecstack/apiguard/internal/api/handlers/findings.go:69.119,76.2 1 0
github.com/opensecstack/apiguard/internal/api/handlers/findings.go:79.65,86.52 5 1
github.com/opensecstack/apiguard/internal/api/handlers/findings.go:86.52,88.17 2 1
github.com/opensecstack/apiguard/internal/api/handlers/findings.go:88.17,91.4 2 1
github.com/opensecstack/apiguard/internal/api/handlers/findings.go:92.3,92.23 1 0
github.com/opensecstack/apiguard/internal/api/handlers/findings.go:94.2,94.41 1 1
github.com/opensecstack/apiguard/internal/api/handlers/findings.go:94.41,95.34 1 1
github.com/opensecstack/apiguard/internal/api/handlers/findings.go:100.27,100.27 0 1
github.com/opensecstack/apiguard/internal/api/handlers/findings.go:102.11,104.10 2 1
github.com/opensecstack/apiguard/internal/api/handlers/findings.go:106.3,107.24 2 1
github.com/opensecstack/apiguard/internal/api/handlers/findings.go:109.2,109.37 1 1
github.com/opensecstack/apiguard/internal/api/handlers/findings.go:109.37,110.31 1 1
github.com/opensecstack/apiguard/internal/api/handlers/findings.go:111.136,113.23 2 1
github.com/opensecstack/apiguard/internal/api/handlers/findings.go:114.11,116.10 2 1
github.com/opensecstack/apiguard/internal/api/handlers/findings.go:119.2,119.49 1 1
github.com/opensecstack/apiguard/internal/api/handlers/findings.go:119.49,121.3 1 0
github.com/opensecstack/apiguard/internal/api/handlers/findings.go:122.2,122.52 1 1
github.com/opensecstack/apiguard/internal/api/handlers/findings.go:122.52,124.3 1 0
github.com/opensecstack/apiguard/internal/api/handlers/findings.go:126.2,127.16 2 1
github.com/opensecstack/apiguard/internal/api/handlers/findings.go:127.16,131.3 3 0
github.com/opensecstack/apiguard/internal/api/handlers/findings.go:133.2,133.21 1 0
github.com/opensecstack/apiguard/internal/api/handlers/findings.go:133.21,135.3 1 0
github.com/opensecstack/apiguard/internal/api/handlers/findings.go:137.2,142.4 1 0
github.com/opensecstack/apiguard/internal/api/handlers/findings.go:146.64,148.9 2 1
github.com/opensecstack/apiguard/internal/api/handlers/findings.go:148.9,150.3 1 1
github.com/opensecstack/apiguard/internal/api/handlers/findings.go:152.2,153.16 2 0
github.com/opensecstack/apiguard/internal/api/handlers/findings.go:153.16,154.22 1 0
github.com/opensecstack/apiguard/internal/api/handlers/findings.go:154.22,157.4 2 0
github.com/opensecstack/apiguard/internal/api/handlers/findings.go:158.3,160.9 3 0
github.com/opensecstack/apiguard/internal/api/handlers/findings.go:163.2,163.38 1 0
github.com/opensecstack/apiguard/internal/api/handlers/findings.go:175.67,177.9 2 1
github.com/opensecstack/apiguard/internal/api/handlers/findings.go:177.9,179.3 1 1
github.com/opensecstack/apiguard/internal/api/handlers/findings.go:181.2,183.61 3 1
github.com/opensecstack/apiguard/internal/api/handlers/findings.go:183.61,187.3 3 1
github.com/opensecstack/apiguard/internal/api/handlers/findings.go:190.2,190.42 1 1
github.com/opensecstack/apiguard/internal/api/handlers/findings.go:190.42,193.3 2 1
github.com/opensecstack/apiguard/internal/api/handlers/findings.go:196.2,196.23 1 1
github.com/opensecstack/apiguard/internal/api/handlers/findings.go:196.23,197.40 1 1
github.com/opensecstack/apiguard/internal/api/handlers/findings.go:202.26,202.26 0 1
github.com/opensecstack/apiguard/internal/api/handlers/findings.go:204.11,207.10 2 1
github.com/opensecstack/apiguard/internal/api/handlers/findings.go:213.2,214.23 2 1
github.com/opensecstack/apiguard/internal/api/handlers/findings.go:214.23,216.3 1 1
github.com/opensecstack/apiguard/internal/api/handlers/findings.go:216.8,218.17 2 0
github.com/opensecstack/apiguard/internal/api/handlers/findings.go:218.17,219.23 1 0
github.com/opensecstack/apiguard/internal/api/handlers/findings.go:219.23,222.5 2 0
github.com/opensecstack/apiguard/internal/api/handlers/findings.go:223.4,225.10 3 0
github.com/opensecstack/apiguard/internal/api/handlers/findings.go:227.3,227.36 1 0
github.com/opensecstack/apiguard/internal/api/handlers/findings.go:232.2,233.21 2 1
github.com/opensecstack/apiguard/internal/api/handlers/findings.go:233.21,234.28 1 1
github.com/opensecstack/apiguard/internal/api/handlers/findings.go:234.28,237.4 2 1
github.com/opensecstack/apiguard/internal/api/handlers/findings.go:238.3,238.28 1 1
github.com/opensecstack/apiguard/internal/api/handlers/findings.go:241.2,242.85 2 1
github.com/opensecstack/apiguard/internal/api/handlers/findings.go:242.85,244.3 1 0
github.com/opensecstack/apiguard/internal/api/handlers/findings.go:245.2,245.107 1 1
github.com/opensecstack/apiguard/internal/api/handlers/findings.go:245.107,246.22 1 0
github.com/opensecstack/apiguard/internal/api/handlers/findings.go:246.22,249.4 2 0
github.com/opensecstack/apiguard/internal/api/handlers/findings.go:250.3,252.9 3 0
github.com/opensecstack/apiguard/internal/api/handlers/findings.go:255.2,256.23 2 0
github.com/opensecstack/apiguard/internal/api/handlers/findings.go:256.23,258.3 1 0
github.com/opensecstack/apiguard/internal/api/handlers/findings.go:259.2,264.16 3 0
github.com/opensecstack/apiguard/internal/api/handlers/findings.go:264.16,268.3 3 0
github.com/opensecstack/apiguard/internal/api/handlers/findings.go:270.2,270.38 1 0
github.com/opensecstack/apiguard/internal/api/handlers/health.go:25.47,29.2 1 1
github.com/opensecstack/apiguard/internal/api/handlers/health.go:32.70,37.2 1 0
github.com/opensecstack/apiguard/internal/api/handlers/health.go:59.65,65.17 4 1
github.com/opensecstack/apiguard/internal/api/handlers/health.go:65.17,68.45 3 0
github.com/opensecstack/apiguard/internal/api/handlers/health.go:68.45,73.4 4 0
github.com/opensecstack/apiguard/internal/api/handlers/health.go:73.9,75.4 1 0
github.com/opensecstack/apiguard/internal/api/handlers/health.go:78.2,83.21 2 1
github.com/opensecstack/apiguard/internal/api/handlers/health.go:83.21,85.3 1 0
github.com/opensecstack/apiguard/internal/api/handlers/health.go:87.2,89.56 3 1
github.com/opensecstack/apiguard/internal/api/handlers/health.go:89.56,91.3 1 0
github.com/opensecstack/apiguard/internal/api/handlers/health.go:95.66,107.56 4 1
github.com/opensecstack/apiguard/internal/api/handlers/health.go:107.56,109.3 1 0
github.com/opensecstack/apiguard/internal/api/handlers/inventory.go:21.70,26.2 1 1
github.com/opensecstack/apiguard/internal/api/handlers/inventory.go:30.66,33.17 2 1
github.com/opensecstack/apiguard/internal/api/handlers/inventory.go:33.17,41.3 2 1
github.com/opensecstack/apiguard/internal/api/handlers/inventory.go:43.2,44.16 2 0
github.com/opensecstack/apiguard/internal/api/handlers/inventory.go:44.16,48.3 3 0
github.com/opensecstack/apiguard/internal/api/handlers/inventory.go:49.2,49.18 1 0
github.com/opensecstack/apiguard/internal/api/handlers/inventory.go:49.18,51.3 1 0
github.com/opensecstack/apiguard/internal/api/handlers/inventory.go:53.2,58.4 1 0
github.com/opensecstack/apiguard/internal/api/handlers/inventory.go:64.72,67.16 3 1
github.com/opensecstack/apiguard/internal/api/handlers/inventory.go:67.16,70.3 2 1
github.com/opensecstack/apiguard/internal/api/handlers/inventory.go:72.2,72.17 1 1
github.com/opensecstack/apiguard/internal/api/handlers/inventory.go:72.17,75.3 2 1
github.com/opensecstack/apiguard/internal/api/handlers/inventory.go:78.2,79.30 2 0
github.com/opensecstack/apiguard/internal/api/handlers/inventory.go:79.30,82.3 2 0
github.com/opensecstack/apiguard/internal/api/handlers/inventory.go:84.2,86.16 3 0
github.com/opensecstack/apiguard/internal/api/handlers/inventory.go:86.16,90.3 3 0
github.com/opensecstack/apiguard/internal/api/handlers/inventory.go:91.2,91.18 1 0
github.com/opensecstack/apiguard/internal/api/handlers/inventory.go:91.18,93.3 1 0
github.com/opensecstack/apiguard/internal/api/handlers/inventory.go:95.2,102.4 1 0
github.com/opensecstack/apiguard/internal/api/handlers/inventory.go:106.54,109.46 3 1
github.com/opensecstack/apiguard/internal/api/handlers/inventory.go:109.46,110.53 1 1
github.com/opensecstack/apiguard/internal/api/handlers/inventory.go:110.53,112.4 1 1
github.com/opensecstack/apiguard/internal/api/handlers/inventory.go:114.2,114.47 1 1
github.com/opensecstack/apiguard/internal/api/handlers/inventory.go:114.47,115.54 1 1
github.com/opensecstack/apiguard/internal/api/handlers/inventory.go:115.54,117.4 1 1
github.com/opensecstack/apiguard/internal/api/handlers/inventory.go:119.2,119.22 1 1
github.com/opensecstack/apiguard/internal/api/handlers/openapi.go:12.54,16.2 3 1
github.com/opensecstack/apiguard/internal/api/handlers/scans.go:36.158,39.77 3 0
github.com/opensecstack/apiguard/internal/api/handlers/scans.go:39.77,42.3 2 0
github.com/opensecstack/apiguard/internal/api/handlers/scans.go:43.2,52.14 3 0
github.com/opensecstack/apiguard/internal/api/handlers/scans.go:52.14,54.3 1 0
github.com/opensecstack/apiguard/internal/api/handlers/scans.go:55.2,55.14 1 0
github.com/opensecstack/apiguard/internal/api/handlers/scans.go:55.14,57.3 1 0
github.com/opensecstack/apiguard/internal/api/handlers/scans.go:58.2,58.67 1 0
github.com/opensecstack/apiguard/internal/api/handlers/scans.go:58.67,60.24 2 0
github.com/opensecstack/apiguard/internal/api/handlers/scans.go:60.24,62.4 1 0
github.com/opensecstack/apiguard/internal/api/handlers/scans.go:63.3,63.35 1 0
github.com/opensecstack/apiguard/internal/api/handlers/scans.go:111.112,118.2 1 1
github.com/opensecstack/apiguard/internal/api/handlers/scans.go:123.163,133.2 1 0
github.com/opensecstack/apiguard/internal/api/handlers/scans.go:138.29,140.2 1 0
github.com/opensecstack/apiguard/internal/api/handlers/scans.go:145.96,148.26 3 1
github.com/opensecstack/apiguard/internal/api/handlers/scans.go:148.26,150.3 1 1
github.com/opensecstack/apiguard/internal/api/handlers/scans.go:151.2,152.97 2 1
github.com/opensecstack/apiguard/internal/api/handlers/scans.go:158.105,163.9 5 1
github.com/opensecstack/apiguard/internal/api/handlers/scans.go:163.9,165.3 1 1
github.com/opensecstack/apiguard/internal/api/handlers/scans.go:166.2,167.34 2 1
github.com/opensecstack/apiguard/internal/api/handlers/scans.go:172.52,176.2 3 1
github.com/opensecstack/apiguard/internal/api/handlers/scans.go:180.45,182.34 2 1
github.com/opensecstack/apiguard/internal/api/handlers/scans.go:182.34,183.33 1 1
github.com/opensecstack/apiguard/internal/api/handlers/scans.go:183.33,185.4 1 1
github.com/opensecstack/apiguard/internal/api/handlers/scans.go:191.59,192.16 1 1
github.com/opensecstack/apiguard/internal/api/handlers/scans.go:192.16,194.3 1 1
github.com/opensecstack/apiguard/internal/api/handlers/scans.go:195.2,195.72 1 1
github.com/opensecstack/apiguard/internal/api/handlers/scans.go:210.64,213.61 3 1
github.com/opensecstack/apiguard/internal/api/handlers/scans.go:213.61,215.35 2 1
github.com/opensecstack/apiguard/internal/api/handlers/scans.go:215.35,218.4 2 0
github.com/opensecstack/apiguard/internal/api/handlers/scans.go:219.3,221.9 3 1
github.com/opensecstack/apiguard/internal/api/handlers/scans.go:224.2,224.45 1 1
github.com/opensecstack/apiguard/internal/api/handlers/scans.go:224.45,227.3 2 1
github.com/opensecstack/apiguard/internal/api/handlers/scans.go:228.2,228.22 1 1
github.com/opensecstack/apiguard/internal/api/handlers/scans.go:228.22,231.3 2 1
github.com/opensecstack/apiguard/internal/api/handlers/scans.go:235.2,235.51 1 1
github.com/opensecstack/apiguard/internal/api/handlers/scans.go:235.51,238.3 2 1
github.com/opensecstack/apiguard/internal/api/handlers/scans.go:241.2,241.24 1 1
github.com/opensecstack/apiguard/internal/api/handlers/scans.go:241.24,244.71 3 1
github.com/opensecstack/apiguard/internal/api/handlers/scans.go:244.71,247.4 2 1
github.com/opensecstack/apiguard/internal/api/handlers/scans.go:251.2,251.23 1 0
github.com/opensecstack/apiguard/internal/api/handlers/scans.go:251.23,252.67 1 0
github.com/opensecstack/apiguard/internal/api/handlers/scans.go:252.67,255.4 2 0
github.com/opensecstack/apiguard/internal/api/handlers/scans.go:262.2,269.21 3 0
github.com/opensecstack/apiguard/internal/api/handlers/scans.go:269.21,271.3 1 0
github.com/opensecstack/apiguard/internal/api/handlers/scans.go:272.2,272.23 1 0
github.com/opensecstack/apiguard/internal/api/handlers/scans.go:272.23,274.3 1 0
github.com/opensecstack/apiguard/internal/api/handlers/scans.go:275.2,275.24 1 0
github.com/opensecstack/apiguard/internal/api/handlers/scans.go:275.24,277.3 1 0
github.com/opensecstack/apiguard/internal/api/handlers/scans.go:279.2,279.59 1 0
github.com/opensecstack/apiguard/internal/api/handlers/scans.go:279.59,283.3 3 0
github.com/opensecstack/apiguard/internal/api/handlers/scans.go:285.2,289.21 3 0
github.com/opensecstack/apiguard/internal/api/handlers/scans.go:289.21,296.86 3 0
github.com/opensecstack/apiguard/internal/api/handlers/scans.go:296.86,299.4 2 0
github.com/opensecstack/apiguard/internal/api/handlers/scans.go:301.3,301.86 1 0
github.com/opensecstack/apiguard/internal/api/handlers/scans.go:301.86,305.4 3 0
github.com/opensecstack/apiguard/internal/api/handlers/scans.go:310.3,324.9 6 0
github.com/opensecstack/apiguard/internal/api/handlers/scans.go:330.2,330.38 1 0
github.com/opensecstack/apiguard/internal/api/handlers/scans.go:330.38,346.86 3 0
github.com/opensecstack/apiguard/internal/api/handlers/scans.go:346.86,349.4 2 0
github.com/opensecstack/apiguard/internal/api/handlers/scans.go:351.3,375.21 3 0
github.com/opensecstack/apiguard/internal/api/handlers/scans.go:375.21,382.4 1 0
github.com/opensecstack/apiguard/internal/api/handlers/scans.go:383.3,383.45 1 0
github.com/opensecstack/apiguard/internal/api/handlers/scans.go:383.45,385.25 2 0
github.com/opensecstack/apiguard/internal/api/handlers/scans.go:385.25,387.5 1 0
github.com/opensecstack/apiguard/internal/api/handlers/scans.go:388.4,389.10 2 0
github.com/opensecstack/apiguard/internal/api/handlers/scans.go:395.2,403.4 5 0
github.com/opensecstack/apiguard/internal/api/handlers/scans.go:412.69,434.15 5 0
github.com/opensecstack/apiguard/internal/api/handlers/scans.go:434.15,435.17 1 0
github.com/opensecstack/apiguard/internal/api/handlers/scans.go:435.17,438.91 3 0
github.com/opensecstack/apiguard/internal/api/handlers/scans.go:438.91,440.5 1 0
github.com/opensecstack/apiguard/internal/api/handlers/scans.go:446.2,447.45 2 0
github.com/opensecstack/apiguard/internal/api/handlers/scans.go:447.45,449.52 2 0
github.com/opensecstack/apiguard/internal/api/handlers/scans.go:449.52,451.4 1 0
github.com/opensecstack/apiguard/internal/api/handlers/scans.go:452.3,453.19 2 0
github.com/opensecstack/apiguard/internal/api/handlers/scans.go:453.19,455.117 2 0
github.com/opensecstack/apiguard/internal/api/handlers/scans.go:455.117,457.5 1 0
github.com/opensecstack/apiguard/internal/api/handlers/scans.go:458.4,458.10 1 0
github.com/opensecstack/apiguard/internal/api/handlers/scans.go:461.3,463.34 3 0
github.com/opensecstack/apiguard/internal/api/handlers/scans.go:466.2,466.83 1 0
github.com/opensecstack/apiguard/internal/api/handlers/scans.go:466.83,468.3 1 0
github.com/opensecstack/apiguard/internal/api/handlers/scans.go:469.2,472.38 2 0
github.com/opensecstack/apiguard/internal/api/handlers/scans.go:472.38,479.21 3 0
github.com/opensecstack/apiguard/internal/api/handlers/scans.go:479.21,481.4 1 0
github.com/opensecstack/apiguard/internal/api/handlers/scans.go:484.2,485.16 2 0
github.com/opensecstack/apiguard/internal/api/handlers/scans.go:485.16,487.78 2 0
github.com/opensecstack/apiguard/internal/api/handlers/scans.go:487.78,489.4 1 0
github.com/opensecstack/apiguard/internal/api/handlers/scans.go:490.3,492.9 2 0
github.com/opensecstack/apiguard/internal/api/handlers/scans.go:496.2,496.30 1 0
github.com/opensecstack/apiguard/internal/api/handlers/scans.go:496.30,498.37 2 0
github.com/opensecstack/apiguard/internal/api/handlers/scans.go:498.37,511.26 2 0
github.com/opensecstack/apiguard/internal/api/handlers/scans.go:511.26,513.5 1 0
github.com/opensecstack/apiguard/internal/api/handlers/scans.go:514.4,514.32 1 0
github.com/opensecstack/apiguard/internal/api/handlers/scans.go:514.32,516.5 1 0
github.com/opensecstack/apiguard/internal/api/handlers/scans.go:517.4,517.33 1 0
github.com/opensecstack/apiguard/internal/api/handlers/scans.go:517.33,519.5 1 0
github.com/opensecstack/apiguard/internal/api/handlers/scans.go:520.4,520.34 1 0
github.com/opensecstack/apiguard/internal/api/handlers/scans.go:520.34,521.62 1 0
github.com/opensecstack/apiguard/internal/api/handlers/scans.go:521.62,523.6 1 0
github.com/opensecstack/apiguard/internal/api/handlers/scans.go:525.4,525.40 1 0
github.com/opensecstack/apiguard/internal/api/handlers/scans.go:528.3,528.64 1 0
github.com/opensecstack/apiguard/internal/api/handlers/scans.go:528.64,530.110 2 0
github.com/opensecstack/apiguard/internal/api/handlers/scans.go:530.110,532.5 1 0
github.com/opensecstack/apiguard/internal/api/handlers/scans.go:533.4,535.10 2 0
github.com/opensecstack/apiguard/internal/api/handlers/scans.go:540.2,548.71 2 0
github.com/opensecstack/apiguard/internal/api/handlers/scans.go:548.71,550.3 1 0
github.com/opensecstack/apiguard/internal/api/handlers/scans.go:553.2,554.85 2 0
github.com/opensecstack/apiguard/internal/api/handlers/scans.go:554.85,556.3 1 0
github.com/opensecstack/apiguard/internal/api/handlers/scans.go:559.2,559.38 1 0
github.com/opensecstack/apiguard/internal/api/handlers/scans.go:559.38,563.37 2 0
github.com/opensecstack/apiguard/internal/api/handlers/scans.go:563.37,564.57 1 0
github.com/opensecstack/apiguard/internal/api/handlers/scans.go:564.57,574.23 3 0
github.com/opensecstack/apiguard/internal/api/handlers/scans.go:574.23,576.6 1 0
github.com/opensecstack/apiguard/internal/api/handlers/scans.go:580.3,589.21 2 0
github.com/opensecstack/apiguard/internal/api/handlers/scans.go:589.21,591.4 1 0
github.com/opensecstack/apiguard/internal/api/handlers/scans.go:595.2,595.27 1 0
github.com/opensecstack/apiguard/internal/api/handlers/scans.go:595.27,597.24 2 0
github.com/opensecstack/apiguard/internal/api/handlers/scans.go:597.24,599.4 1 0
github.com/opensecstack/apiguard/internal/api/handlers/scans.go:600.3,605.57 2 0
github.com/opensecstack/apiguard/internal/api/handlers/scans.go:605.57,607.4 1 0
github.com/opensecstack/apiguard/internal/api/handlers/scans.go:607.9,608.71 1 0
github.com/opensecstack/apiguard/internal/api/handlers/scans.go:608.71,610.5 1 0
github.com/opensecstack/apiguard/internal/api/handlers/scans.go:611.4,612.58 1 0
github.com/opensecstack/apiguard/internal/api/handlers/scans.go:616.2,617.67 1 0
github.com/opensecstack/apiguard/internal/api/handlers/scans.go:637.161,676.2 1 1
github.com/opensecstack/apiguard/internal/api/handlers/scans.go:683.65,685.9 2 1
github.com/opensecstack/apiguard/internal/api/handlers/scans.go:685.9,687.3 1 1
github.com/opensecstack/apiguard/internal/api/handlers/scans.go:689.2,690.29 2 1
github.com/opensecstack/apiguard/internal/api/handlers/scans.go:690.29,693.3 2 1
github.com/opensecstack/apiguard/internal/api/handlers/scans.go:694.2,697.16 3 0
github.com/opensecstack/apiguard/internal/api/handlers/scans.go:697.16,698.22 1 0
github.com/opensecstack/apiguard/internal/api/handlers/scans.go:698.22,701.4 2 0
github.com/opensecstack/apiguard/internal/api/handlers/scans.go:702.3,704.9 3 0
github.com/opensecstack/apiguard/internal/api/handlers/scans.go:707.2,707.49 1 0
github.com/opensecstack/apiguard/internal/api/handlers/scans.go:707.49,710.3 2 0
github.com/opensecstack/apiguard/internal/api/handlers/scans.go:717.2,717.44 1 0
github.com/opensecstack/apiguard/internal/api/handlers/scans.go:717.44,721.3 2 0
github.com/opensecstack/apiguard/internal/api/handlers/scans.go:723.2,724.12 2 0
github.com/opensecstack/apiguard/internal/api/handlers/scans.go:724.12,731.90 2 0
github.com/opensecstack/apiguard/internal/api/handlers/scans.go:731.90,733.4 1 0
github.com/opensecstack/apiguard/internal/api/handlers/scans.go:734.3,734.97 1 0
github.com/opensecstack/apiguard/internal/api/handlers/scans.go:734.97,736.4 1 0
github.com/opensecstack/apiguard/internal/api/handlers/scans.go:737.3,742.9 3 0
github.com/opensecstack/apiguard/internal/api/handlers/scans.go:745.2,747.38 2 0
github.com/opensecstack/apiguard/internal/api/handlers/scans.go:747.38,750.21 3 0
github.com/opensecstack/apiguard/internal/api/handlers/scans.go:750.21,752.4 1 0
github.com/opensecstack/apiguard/internal/api/handlers/scans.go:752.9,752.123 1 0
github.com/opensecstack/apiguard/internal/api/handlers/scans.go:752.123,754.25 2 0
github.com/opensecstack/apiguard/internal/api/handlers/scans.go:754.25,756.5 1 0
github.com/opensecstack/apiguard/internal/api/handlers/scans.go:757.4,758.94 2 0
github.com/opensecstack/apiguard/internal/api/handlers/scans.go:758.94,760.5 1 0
github.com/opensecstack/apiguard/internal/api/handlers/scans.go:761.4,761.121 1 0
github.com/opensecstack/apiguard/internal/api/handlers/scans.go:761.121,763.5 1 0
github.com/opensecstack/apiguard/internal/api/handlers/scans.go:764.4,768.10 3 0
github.com/opensecstack/apiguard/internal/api/handlers/scans.go:772.2,772.82 1 0
github.com/opensecstack/apiguard/internal/api/handlers/scans.go:772.82,780.3 4 0
github.com/opensecstack/apiguard/internal/api/handlers/scans.go:782.2,782.85 1 0
github.com/opensecstack/apiguard/internal/api/handlers/scans.go:782.85,784.3 1 0
github.com/opensecstack/apiguard/internal/api/handlers/scans.go:786.2,793.112 4 0
github.com/opensecstack/apiguard/internal/api/handlers/scans.go:798.64,800.9 2 1
github.com/opensecstack/apiguard/internal/api/handlers/scans.go:800.9,802.3 1 0
github.com/opensecstack/apiguard/internal/api/handlers/scans.go:804.2,805.29 2 1
github.com/opensecstack/apiguard/internal/api/handlers/scans.go:805.29,808.3 2 1
github.com/opensecstack/apiguard/internal/api/handlers/scans.go:809.2,812.16 3 0
github.com/opensecstack/apiguard/internal/api/handlers/scans.go:812.16,813.22 1 0
github.com/opensecstack/apiguard/internal/api/handlers/scans.go:813.22,816.4 2 0
github.com/opensecstack/apiguard/internal/api/handlers/scans.go:817.3,819.9 3 0
github.com/opensecstack/apiguard/internal/api/handlers/scans.go:822.2,822.49 1 0
github.com/opensecstack/apiguard/internal/api/handlers/scans.go:822.49,825.3 2 0
github.com/opensecstack/apiguard/internal/api/handlers/scans.go:827.2,827.44 1 0
github.com/opensecstack/apiguard/internal/api/handlers/scans.go:827.44,831.3 2 0
github.com/opensecstack/apiguard/internal/api/handlers/scans.go:833.2,834.19 2 0
github.com/opensecstack/apiguard/internal/api/handlers/scans.go:834.19,836.3 1 0
github.com/opensecstack/apiguard/internal/api/handlers/scans.go:837.2,838.18 2 0
github.com/opensecstack/apiguard/internal/api/handlers/scans.go:838.18,840.3 1 0
github.com/opensecstack/apiguard/internal/api/handlers/scans.go:842.2,842.89 1 0
github.com/opensecstack/apiguard/internal/api/handlers/scans.go:842.89,846.3 3 0
github.com/opensecstack/apiguard/internal/api/handlers/scans.go:847.2,847.88 1 0
github.com/opensecstack/apiguard/internal/api/handlers/scans.go:847.88,849.3 1 0
github.com/opensecstack/apiguard/internal/api/handlers/scans.go:850.2,856.111 3 0
github.com/opensecstack/apiguard/internal/api/handlers/scans.go:862.69,864.9 2 0
github.com/opensecstack/apiguard/internal/api/handlers/scans.go:864.9,866.3 1 0
github.com/opensecstack/apiguard/internal/api/handlers/scans.go:868.2,869.16 2 0
github.com/opensecstack/apiguard/internal/api/handlers/scans.go:869.16,870.22 1 0
github.com/opensecstack/apiguard/internal/api/handlers/scans.go:870.22,873.4 2 0
github.com/opensecstack/apiguard/internal/api/handlers/scans.go:874.3,876.9 3 0
github.com/opensecstack/apiguard/internal/api/handlers/scans.go:879.2,879.39 1 0
github.com/opensecstack/apiguard/internal/api/handlers/scans.go:891.62,897.24 4 1
github.com/opensecstack/apiguard/internal/api/handlers/scans.go:897.24,898.38 1 1
github.com/opensecstack/apiguard/internal/api/handlers/scans.go:899.150,899.150 0 1
github.com/opensecstack/apiguard/internal/api/handlers/scans.go:901.11,903.10 2 1
github.com/opensecstack/apiguard/internal/api/handlers/scans.go:907.2,908.16 2 1
github.com/opensecstack/apiguard/internal/api/handlers/scans.go:908.16,912.3 3 0
github.com/opensecstack/apiguard/internal/api/handlers/scans.go:914.2,914.18 1 0
github.com/opensecstack/apiguard/internal/api/handlers/scans.go:914.18,916.3 1 0
github.com/opensecstack/apiguard/internal/api/handlers/scans.go:918.2,925.35 2 0
github.com/opensecstack/apiguard/internal/api/handlers/scans.go:929.61,931.9 2 1
github.com/opensecstack/apiguard/internal/api/handlers/scans.go:931.9,933.3 1 1
github.com/opensecstack/apiguard/internal/api/handlers/scans.go:935.2,936.16 2 1
github.com/opensecstack/apiguard/internal/api/handlers/scans.go:936.16,937.22 1 0
github.com/opensecstack/apiguard/internal/api/handlers/scans.go:937.22,940.4 2 0
github.com/opensecstack/apiguard/internal/api/handlers/scans.go:941.3,943.9 3 0
github.com/opensecstack/apiguard/internal/api/handlers/scans.go:946.2,946.35 1 0
github.com/opensecstack/apiguard/internal/api/handlers/scans.go:950.66,952.9 2 1
github.com/opensecstack/apiguard/internal/api/handlers/scans.go:952.9,954.3 1 1
github.com/opensecstack/apiguard/internal/api/handlers/scans.go:956.2,961.41 5 1
github.com/opensecstack/apiguard/internal/api/handlers/scans.go:961.41,962.34 1 1
github.com/opensecstack/apiguard/internal/api/handlers/scans.go:967.27,969.25 2 1
github.com/opensecstack/apiguard/internal/api/handlers/scans.go:970.11,972.10 2 1
github.com/opensecstack/apiguard/internal/api/handlers/scans.go:975.2,975.37 1 1
github.com/opensecstack/apiguard/internal/api/handlers/scans.go:975.37,976.31 1 1
github.com/opensecstack/apiguard/internal/api/handlers/scans.go:977.136,979.23 2 1
github.com/opensecstack/apiguard/internal/api/handlers/scans.go:980.11,982.10 2 1
github.com/opensecstack/apiguard/internal/api/handlers/scans.go:986.2,987.16 2 1
github.com/opensecstack/apiguard/internal/api/handlers/scans.go:987.16,991.3 3 0
github.com/opensecstack/apiguard/internal/api/handlers/scans.go:993.2,993.21 1 0
github.com/opensecstack/apiguard/internal/api/handlers/scans.go:993.21,995.3 1 0
github.com/opensecstack/apiguard/internal/api/handlers/scans.go:997.2,1002.4 1 0
github.com/opensecstack/apiguard/internal/api/handlers/scans.go:1006.64,1008.9 2 1
github.com/opensecstack/apiguard/internal/api/handlers/scans.go:1008.9,1010.3 1 1
github.com/opensecstack/apiguard/internal/api/handlers/scans.go:1012.2,1013.18 2 1
github.com/opensecstack/apiguard/internal/api/handlers/scans.go:1013.18,1015.3 1 1
github.com/opensecstack/apiguard/internal/api/handlers/scans.go:1016.2,1019.16 3 1
github.com/opensecstack/apiguard/internal/api/handlers/scans.go:1019.16,1020.22 1 0
github.com/opensecstack/apiguard/internal/api/handlers/scans.go:1020.22,1023.4 2 0
github.com/opensecstack/apiguard/internal/api/handlers/scans.go:1024.3,1026.9 3 0
github.com/opensecstack/apiguard/internal/api/handlers/scans.go:1030.2,1031.2 2 0
github.com/opensecstack/apiguard/internal/api/handlers/scans.go:1031.2,1034.7 3 0
github.com/opensecstack/apiguard/internal/api/handlers/scans.go:1034.7,1036.18 2 0
github.com/opensecstack/apiguard/internal/api/handlers/scans.go:1036.18,1040.5 3 0
github.com/opensecstack/apiguard/internal/api/handlers/scans.go:1041.4,1042.29 2 0
github.com/opensecstack/apiguard/internal/api/handlers/scans.go:1042.29,1043.10 1 0
github.com/opensecstack/apiguard/internal/api/handlers/scans.go:1045.4,1045.22 1 0
github.com/opensecstack/apiguard/internal/api/handlers/scans.go:1050.2,1051.32 2 0
github.com/opensecstack/apiguard/internal/api/handlers/scans.go:1051.32,1069.25 2 0
github.com/opensecstack/apiguard/internal/api/handlers/scans.go:1069.25,1071.4 1 0
github.com/opensecstack/apiguard/internal/api/handlers/scans.go:1072.3,1072.26 1 0
github.com/opensecstack/apiguard/internal/api/handlers/scans.go:1072.26,1074.4 1 0
github.com/opensecstack/apiguard/internal/api/handlers/scans.go:1075.3,1075.46 1 0
github.com/opensecstack/apiguard/internal/api/handlers/scans.go:1078.2,1092.25 2 0
github.com/opensecstack/apiguard/internal/api/handlers/scans.go:1092.25,1094.3 1 0
github.com/opensecstack/apiguard/internal/api/handlers/scans.go:1095.2,1095.26 1 0
github.com/opensecstack/apiguard/internal/api/handlers/scans.go:1095.26,1097.3 1 0
github.com/opensecstack/apiguard/internal/api/handlers/scans.go:1098.2,1098.28 1 0
github.com/opensecstack/apiguard/internal/api/handlers/scans.go:1098.28,1100.3 1 0
github.com/opensecstack/apiguard/internal/api/handlers/scans.go:1101.2,1101.29 1 0
github.com/opensecstack/apiguard/internal/api/handlers/scans.go:1101.29,1103.3 1 0
github.com/opensecstack/apiguard/internal/api/handlers/scans.go:1105.2,1106.16 2 0
github.com/opensecstack/apiguard/internal/api/handlers/scans.go:1106.16,1109.3 2 0
github.com/opensecstack/apiguard/internal/api/handlers/scans.go:1111.2,1112.16 2 0
github.com/opensecstack/apiguard/internal/api/handlers/scans.go:1112.16,1116.3 3 0
github.com/opensecstack/apiguard/internal/api/handlers/scans.go:1118.2,1123.22 4 0
github.com/opensecstack/apiguard/internal/api/handlers/scans.go:1123.22,1126.3 2 0
github.com/opensecstack/apiguard/internal/api/handlers/scans.go:1127.2,1128.22 2 0
github.com/opensecstack/apiguard/internal/api/handlers/scans.go:1132.64,1134.9 2 1
github.com/opensecstack/apiguard/internal/api/handlers/scans.go:1134.9,1136.3 1 1
github.com/opensecstack/apiguard/internal/api/handlers/scans.go:1138.2,1138.57 1 0
github.com/opensecstack/apiguard/internal/api/handlers/scans.go:1138.57,1139.22 1 0
github.com/opensecstack/apiguard/internal/api/handlers/scans.go:1139.22,1142.4 2 0
github.com/opensecstack/apiguard/internal/api/handlers/scans.go:1143.3,1145.9 3 0
github.com/opensecstack/apiguard/internal/api/handlers/scans.go:1148.2,1150.37 2 0
github.com/opensecstack/apiguard/internal/api/handlers/scans.go:1154.46,1155.16 1 1
github.com/opensecstack/apiguard/internal/api/handlers/scans.go:1156.15,1157.34 1 1
github.com/opensecstack/apiguard/internal/api/handlers/scans.go:1158.14,1159.36 1 1
github.com/opensecstack/apiguard/internal/api/handlers/scans.go:1160.14,1161.37 1 1
github.com/opensecstack/apiguard/internal/api/handlers/scans.go:1162.10,1163.28 1 1
github.com/opensecstack/apiguard/internal/api/handlers/scans.go:1169.88,1171.15 2 1
github.com/opensecstack/apiguard/internal/api/handlers/scans.go:1171.15,1174.3 2 1
github.com/opensecstack/apiguard/internal/api/handlers/scans.go:1175.2,1176.16 2 1
github.com/opensecstack/apiguard/internal/api/handlers/scans.go:1176.16,1179.3 2 1
github.com/opensecstack/apiguard/internal/api/handlers/scans.go:1180.2,1180.17 1 1
github.com/opensecstack/apiguard/internal/api/handlers/scans.go:1184.104,1188.33 3 1
github.com/opensecstack/apiguard/internal/api/handlers/scans.go:1188.33,1189.53 1 1
github.com/opensecstack/apiguard/internal/api/handlers/scans.go:1189.53,1191.4 1 1
github.com/opensecstack/apiguard/internal/api/handlers/scans.go:1194.2,1195.37 2 1
github.com/opensecstack/apiguard/internal/api/handlers/scans.go:1195.37,1196.53 1 1
github.com/opensecstack/apiguard/internal/api/handlers/scans.go:1196.53,1198.4 1 1
github.com/opensecstack/apiguard/internal/api/handlers/scans.go:1200.2,1200.26 1 1
github.com/opensecstack/apiguard/internal/api/handlers/scans.go:1200.26,1202.3 1 1
github.com/opensecstack/apiguard/internal/api/handlers/scans.go:1204.2,1204.22 1 1
github.com/opensecstack/apiguard/internal/api/handlers/scans.go:1209.33,1210.16 1 1
github.com/opensecstack/apiguard/internal/api/handlers/scans.go:1210.16,1212.3 1 1
github.com/opensecstack/apiguard/internal/api/handlers/scans.go:1213.2,1214.76 2 1
github.com/opensecstack/apiguard/internal/api/handlers/scans.go:1218.64,1222.2 3 1
github.com/opensecstack/apiguard/internal/api/handlers/scans.go:1225.66,1232.2 3 1
github.com/opensecstack/apiguard/internal/api/handlers/scans.go:1235.87,1242.2 3 1
github.com/opensecstack/apiguard/internal/api/handlers/scans.go:1247.13,1257.27 2 1
github.com/opensecstack/apiguard/internal/api/handlers/scans.go:1257.27,1259.17 2 1
github.com/opensecstack/apiguard/internal/api/handlers/scans.go:1259.17,1261.4 1 1
github.com/opensecstack/apiguard/internal/api/handlers/scans.go:1270.42,1273.82 2 1
github.com/opensecstack/apiguard/internal/api/handlers/scans.go:1273.82,1275.18 2 1
github.com/opensecstack/apiguard/internal/api/handlers/scans.go:1275.18,1277.5 1 0
github.com/opensecstack/apiguard/internal/api/handlers/scans.go:1278.4,1279.18 2 1
github.com/opensecstack/apiguard/internal/api/handlers/scans.go:1279.18,1281.5 1 0
github.com/opensecstack/apiguard/internal/api/handlers/scans.go:1282.4,1282.23 1 1
github.com/opensecstack/apiguard/internal/api/handlers/scans.go:1282.23,1284.5 1 0
github.com/opensecstack/apiguard/internal/api/handlers/scans.go:1289.4,1289.28 1 1
github.com/opensecstack/apiguard/internal/api/handlers/scans.go:1289.28,1291.18 2 1
github.com/opensecstack/apiguard/internal/api/handlers/scans.go:1291.18,1292.42 1 1
github.com/opensecstack/apiguard/internal/api/handlers/scans.go:1292.42,1293.29 1 1
github.com/opensecstack/apiguard/internal/api/handlers/scans.go:1293.29,1295.8 1 1
github.com/opensecstack/apiguard/internal/api/handlers/scans.go:1301.4,1302.28 2 0
github.com/opensecstack/apiguard/internal/api/handlers/scans.go:1302.28,1304.23 2 0
github.com/opensecstack/apiguard/internal/api/handlers/scans.go:1304.23,1306.6 1 0
github.com/opensecstack/apiguard/internal/api/handlers/scans.go:1307.5,1307.22 1 0
github.com/opensecstack/apiguard/internal/api/handlers/scans.go:1309.4,1309.104 1 0
github.com/opensecstack/apiguard/internal/api/handlers/scans.go:1312.2,1315.69 1 1
github.com/opensecstack/apiguard/internal/api/handlers/scans.go:1315.69,1317.4 1 0
github.com/opensecstack/apiguard/internal/api/handlers/scans.go:1324.42,1326.16 2 1
github.com/opensecstack/apiguard/internal/api/handlers/scans.go:1326.16,1328.3 1 0
github.com/opensecstack/apiguard/internal/api/handlers/scans.go:1329.2,1330.43 2 1
github.com/opensecstack/apiguard/internal/api/handlers/scans.go:1330.43,1332.3 1 1
github.com/opensecstack/apiguard/internal/api/handlers/scans.go:1333.2,1333.29 1 1
github.com/opensecstack/apiguard/internal/api/handlers/scans.go:1333.29,1335.3 1 1
github.com/opensecstack/apiguard/internal/api/handlers/scans.go:1336.2,1336.12 1 1
github.com/opensecstack/apiguard/internal/api/handlers/scans.go:1344.64,1346.16 2 1
github.com/opensecstack/apiguard/internal/api/handlers/scans.go:1346.16,1348.3 1 1
github.com/opensecstack/apiguard/internal/api/handlers/scans.go:1349.2,1350.43 2 1
github.com/opensecstack/apiguard/internal/api/handlers/scans.go:1350.43,1352.3 1 1
github.com/opensecstack/apiguard/internal/api/handlers/scans.go:1353.2,1354.20 2 1
github.com/opensecstack/apiguard/internal/api/handlers/scans.go:1354.20,1356.3 1 1
github.com/opensecstack/apiguard/internal/api/handlers/scans.go:1357.2,1358.16 2 1
github.com/opensecstack/apiguard/internal/api/handlers/scans.go:1358.16,1360.3 1 0
github.com/opensecstack/apiguard/internal/api/handlers/scans.go:1361.2,1361.29 1 1
github.com/opensecstack/apiguard/internal/api/handlers/scans.go:1361.29,1363.16 2 1
github.com/opensecstack/apiguard/internal/api/handlers/scans.go:1363.16,1364.12 1 0
github.com/opensecstack/apiguard/internal/api/handlers/scans.go:1366.3,1366.39 1 1
github.com/opensecstack/apiguard/internal/api/handlers/scans.go:1366.39,1367.26 1 1
github.com/opensecstack/apiguard/internal/api/handlers/scans.go:1367.26,1369.5 1 1
github.com/opensecstack/apiguard/internal/api/handlers/scans.go:1372.2,1372.12 1 1
github.com/opensecstack/apiguard/internal/api/handlers/scans.go:1379.95,1381.16 2 1
github.com/opensecstack/apiguard/internal/api/handlers/scans.go:1381.16,1383.3 1 1
github.com/opensecstack/apiguard/internal/api/handlers/scans.go:1385.2,1386.16 2 1
github.com/opensecstack/apiguard/internal/api/handlers/scans.go:1386.16,1388.3 1 1
github.com/opensecstack/apiguard/internal/api/handlers/scans.go:1389.2,1391.38 2 0
github.com/opensecstack/apiguard/internal/api/handlers/scans.go:1391.38,1393.3 1 0
github.com/opensecstack/apiguard/internal/api/handlers/scans.go:1396.2,1396.96 1 0
github.com/opensecstack/apiguard/internal/api/handlers/scans.go:1396.96,1398.3 1 0
github.com/opensecstack/apiguard/internal/api/handlers/scans.go:1400.2,1401.16 2 0
github.com/opensecstack/apiguard/internal/api/handlers/scans.go:1401.16,1403.3 1 0
github.com/opensecstack/apiguard/internal/api/handlers/scans.go:1405.2,1407.16 3 0
github.com/opensecstack/apiguard/internal/api/handlers/scans.go:1407.16,1411.3 3 0
github.com/opensecstack/apiguard/internal/api/handlers/scans.go:1412.2,1412.19 1 0
github.com/opensecstack/apiguard/internal/api/handlers/scans.go:1412.19,1416.3 3 0
github.com/opensecstack/apiguard/internal/api/handlers/scans.go:1418.2,1418.34 1 0
github.com/opensecstack/apiguard/internal/api/handlers/scans.go:1418.34,1421.3 2 0
github.com/opensecstack/apiguard/internal/api/handlers/scans.go:1423.2,1423.22 1 0
github.com/opensecstack/apiguard/internal/api/handlers/specs.go:29.63,30.21 1 1
github.com/opensecstack/apiguard/internal/api/handlers/specs.go:30.21,32.3 1 0
github.com/opensecstack/apiguard/internal/api/handlers/specs.go:33.2,36.3 1 1
github.com/opensecstack/apiguard/internal/api/handlers/specs.go:53.64,58.50 3 1
github.com/opensecstack/apiguard/internal/api/handlers/specs.go:58.50,60.66 1 1
github.com/opensecstack/apiguard/internal/api/handlers/specs.go:60.66,63.4 2 0
github.com/opensecstack/apiguard/internal/api/handlers/specs.go:64.3,65.17 2 1
github.com/opensecstack/apiguard/internal/api/handlers/specs.go:65.17,68.4 2 0
github.com/opensecstack/apiguard/internal/api/handlers/specs.go:69.3,72.17 3 1
github.com/opensecstack/apiguard/internal/api/handlers/specs.go:72.17,76.4 3 0
github.com/opensecstack/apiguard/internal/api/handlers/specs.go:77.8,81.17 3 1
github.com/opensecstack/apiguard/internal/api/handlers/specs.go:81.17,85.4 3 0
github.com/opensecstack/apiguard/internal/api/handlers/specs.go:88.2,88.23 1 1
github.com/opensecstack/apiguard/internal/api/handlers/specs.go:88.23,91.3 2 1
github.com/opensecstack/apiguard/internal/api/handlers/specs.go:94.2,95.119 2 1
github.com/opensecstack/apiguard/internal/api/handlers/specs.go:95.119,97.3 1 1
github.com/opensecstack/apiguard/internal/api/handlers/specs.go:100.2,107.53 5 1
github.com/opensecstack/apiguard/internal/api/handlers/specs.go:107.53,108.63 1 1
github.com/opensecstack/apiguard/internal/api/handlers/specs.go:108.63,112.4 3 0
github.com/opensecstack/apiguard/internal/api/handlers/specs.go:115.2,125.4 2 1
github.com/opensecstack/apiguard/internal/api/handlers/webhooks.go:34.88,40.2 1 1
github.com/opensecstack/apiguard/internal/api/handlers/webhooks.go:52.75,54.16 2 1
github.com/opensecstack/apiguard/internal/api/handlers/webhooks.go:54.16,58.3 3 0
github.com/opensecstack/apiguard/internal/api/handlers/webhooks.go:61.2,62.36 2 1
github.com/opensecstack/apiguard/internal/api/handlers/webhooks.go:62.36,66.3 3 1
github.com/opensecstack/apiguard/internal/api/handlers/webhooks.go:69.2,70.53 2 1
github.com/opensecstack/apiguard/internal/api/handlers/webhooks.go:70.53,74.3 3 1
github.com/opensecstack/apiguard/internal/api/handlers/webhooks.go:77.2,77.25 1 1
github.com/opensecstack/apiguard/internal/api/handlers/webhooks.go:78.27,84.30 2 1
github.com/opensecstack/apiguard/internal/api/handlers/webhooks.go:84.30,86.4 1 0
github.com/opensecstack/apiguard/internal/api/handlers/webhooks.go:88.27,93.69 1 1
github.com/opensecstack/apiguard/internal/api/handlers/webhooks.go:95.29,100.36 1 1
github.com/opensecstack/apiguard/internal/api/handlers/webhooks.go:102.10,106.71 1 1
github.com/opensecstack/apiguard/internal/api/handlers/webhooks.go:109.2,109.30 1 1
github.com/opensecstack/apiguard/internal/api/handlers/webhooks.go:114.73,115.40 1 1
github.com/opensecstack/apiguard/internal/api/handlers/webhooks.go:115.40,117.3 1 1
github.com/opensecstack/apiguard/internal/api/handlers/webhooks.go:120.2,121.43 2 1
github.com/opensecstack/apiguard/internal/api/handlers/webhooks.go:121.43,123.3 1 1
github.com/opensecstack/apiguard/internal/api/handlers/webhooks.go:124.2,127.16 3 1
github.com/opensecstack/apiguard/internal/api/handlers/webhooks.go:127.16,129.3 1 0
github.com/opensecstack/apiguard/internal/api/handlers/webhooks.go:131.2,135.39 4 1
