mode: set
github.com/opensecstack/apiguard/internal/scanner/scanner.go:117.13,128.29 2 1
github.com/opensecstack/apiguard/internal/scanner/scanner.go:128.29,133.17 2 1
github.com/opensecstack/apiguard/internal/scanner/scanner.go:133.17,134.83 1 0
github.com/opensecstack/apiguard/internal/scanner/scanner.go:136.3,136.53 1 1
github.com/opensecstack/apiguard/internal/scanner/scanner.go:141.69,146.2 1 1
github.com/opensecstack/apiguard/internal/scanner/scanner.go:150.38,151.20 1 1
github.com/opensecstack/apiguard/internal/scanner/scanner.go:151.20,153.3 1 1
github.com/opensecstack/apiguard/internal/scanner/scanner.go:154.2,154.25 1 1
github.com/opensecstack/apiguard/internal/scanner/scanner.go:154.25,158.47 4 1
github.com/opensecstack/apiguard/internal/scanner/scanner.go:158.47,160.4 1 1
github.com/opensecstack/apiguard/internal/scanner/scanner.go:162.2,162.13 1 1
github.com/opensecstack/apiguard/internal/scanner/scanner.go:167.109,169.82 1 1
github.com/opensecstack/apiguard/internal/scanner/scanner.go:169.82,171.18 2 0
github.com/opensecstack/apiguard/internal/scanner/scanner.go:171.18,173.5 1 0
github.com/opensecstack/apiguard/internal/scanner/scanner.go:175.4,175.54 1 0
github.com/opensecstack/apiguard/internal/scanner/scanner.go:175.54,178.5 1 0
github.com/opensecstack/apiguard/internal/scanner/scanner.go:179.4,179.83 1 0
github.com/opensecstack/apiguard/internal/scanner/scanner.go:188.98,190.16 2 1
github.com/opensecstack/apiguard/internal/scanner/scanner.go:190.16,192.3 1 0
github.com/opensecstack/apiguard/internal/scanner/scanner.go:194.2,194.24 1 1
github.com/opensecstack/apiguard/internal/scanner/scanner.go:194.24,196.3 1 1
github.com/opensecstack/apiguard/internal/scanner/scanner.go:199.2,200.43 2 1
github.com/opensecstack/apiguard/internal/scanner/scanner.go:200.43,202.3 1 1
github.com/opensecstack/apiguard/internal/scanner/scanner.go:204.2,206.37 2 1
github.com/opensecstack/apiguard/internal/scanner/scanner.go:206.37,208.3 1 1
github.com/opensecstack/apiguard/internal/scanner/scanner.go:210.2,210.19 1 1
github.com/opensecstack/apiguard/internal/scanner/scanner.go:210.19,212.3 1 1
github.com/opensecstack/apiguard/internal/scanner/scanner.go:215.2,216.30 2 1
github.com/opensecstack/apiguard/internal/scanner/scanner.go:216.30,218.3 1 1
github.com/opensecstack/apiguard/internal/scanner/scanner.go:221.2,223.15 3 1
github.com/opensecstack/apiguard/internal/scanner/scanner.go:223.15,225.3 1 1
github.com/opensecstack/apiguard/internal/scanner/scanner.go:225.8,227.30 1 1
github.com/opensecstack/apiguard/internal/scanner/scanner.go:227.30,229.4 1 0
github.com/opensecstack/apiguard/internal/scanner/scanner.go:231.3,232.17 2 1
github.com/opensecstack/apiguard/internal/scanner/scanner.go:232.17,234.4 1 1
github.com/opensecstack/apiguard/internal/scanner/scanner.go:235.3,236.27 2 0
github.com/opensecstack/apiguard/internal/scanner/scanner.go:236.27,238.4 1 0
github.com/opensecstack/apiguard/internal/scanner/scanner.go:241.2,241.27 1 1
github.com/opensecstack/apiguard/internal/scanner/scanner.go:241.27,243.27 1 1
github.com/opensecstack/apiguard/internal/scanner/scanner.go:243.27,245.4 1 1
github.com/opensecstack/apiguard/internal/scanner/scanner.go:248.3,248.49 1 1
github.com/opensecstack/apiguard/internal/scanner/scanner.go:248.49,250.4 1 1
github.com/opensecstack/apiguard/internal/scanner/scanner.go:253.3,253.43 1 1
github.com/opensecstack/apiguard/internal/scanner/scanner.go:253.43,254.30 1 1
github.com/opensecstack/apiguard/internal/scanner/scanner.go:254.30,256.5 1 1
github.com/opensecstack/apiguard/internal/scanner/scanner.go:260.2,260.17 1 1
github.com/opensecstack/apiguard/internal/scanner/scanner.go:266.77,268.16 2 1
github.com/opensecstack/apiguard/internal/scanner/scanner.go:268.16,270.3 1 0
github.com/opensecstack/apiguard/internal/scanner/scanner.go:271.2,273.69 2 1
github.com/opensecstack/apiguard/internal/scanner/scanner.go:273.69,275.3 1 0
github.com/opensecstack/apiguard/internal/scanner/scanner.go:278.2,279.16 2 1
github.com/opensecstack/apiguard/internal/scanner/scanner.go:279.16,281.3 1 1
github.com/opensecstack/apiguard/internal/scanner/scanner.go:282.2,285.16 3 1
github.com/opensecstack/apiguard/internal/scanner/scanner.go:285.16,287.3 1 0
github.com/opensecstack/apiguard/internal/scanner/scanner.go:288.2,288.30 1 1
github.com/opensecstack/apiguard/internal/scanner/scanner.go:288.30,290.3 1 1
github.com/opensecstack/apiguard/internal/scanner/scanner.go:293.2,294.28 2 1
github.com/opensecstack/apiguard/internal/scanner/scanner.go:294.28,296.3 1 1
github.com/opensecstack/apiguard/internal/scanner/scanner.go:298.2,299.16 2 1
github.com/opensecstack/apiguard/internal/scanner/scanner.go:299.16,301.3 1 0
github.com/opensecstack/apiguard/internal/scanner/scanner.go:303.2,303.27 1 1
github.com/opensecstack/apiguard/internal/scanner/scanner.go:307.46,309.41 1 1
github.com/opensecstack/apiguard/internal/scanner/scanner.go:309.41,311.3 1 1
github.com/opensecstack/apiguard/internal/scanner/scanner.go:314.2,314.29 1 1
github.com/opensecstack/apiguard/internal/scanner/scanner.go:314.29,320.17 2 0
github.com/opensecstack/apiguard/internal/scanner/scanner.go:320.17,322.4 1 0
github.com/opensecstack/apiguard/internal/scanner/scanner.go:323.3,323.19 1 0
github.com/opensecstack/apiguard/internal/scanner/scanner.go:323.19,325.4 1 0
github.com/opensecstack/apiguard/internal/scanner/scanner.go:332.3,332.57 1 0
github.com/opensecstack/apiguard/internal/scanner/scanner.go:332.57,334.4 1 0
github.com/opensecstack/apiguard/internal/scanner/scanner.go:335.3,335.13 1 0
github.com/opensecstack/apiguard/internal/scanner/scanner.go:339.2,339.93 1 1
github.com/opensecstack/apiguard/internal/scanner/scanner.go:339.93,341.3 1 0
github.com/opensecstack/apiguard/internal/scanner/scanner.go:343.2,343.12 1 1
github.com/opensecstack/apiguard/internal/scanner/scanner.go:347.89,353.16 4 0
github.com/opensecstack/apiguard/internal/scanner/scanner.go:353.16,355.3 1 0
github.com/opensecstack/apiguard/internal/scanner/scanner.go:358.2,358.82 1 0
github.com/opensecstack/apiguard/internal/scanner/scanner.go:358.82,360.3 1 0
github.com/opensecstack/apiguard/internal/scanner/scanner.go:363.2,364.16 2 0
github.com/opensecstack/apiguard/internal/scanner/scanner.go:364.16,366.3 1 0
github.com/opensecstack/apiguard/internal/scanner/scanner.go:367.2,381.16 5 0
github.com/opensecstack/apiguard/internal/scanner/scanner.go:381.16,383.3 1 0
github.com/opensecstack/apiguard/internal/scanner/scanner.go:385.2,397.16 4 0
github.com/opensecstack/apiguard/internal/scanner/scanner.go:397.16,399.3 1 0
github.com/opensecstack/apiguard/internal/scanner/scanner.go:404.2,405.16 2 0
github.com/opensecstack/apiguard/internal/scanner/scanner.go:405.16,407.3 1 0
github.com/opensecstack/apiguard/internal/scanner/scanner.go:408.2,412.16 4 0
github.com/opensecstack/apiguard/internal/scanner/scanner.go:412.16,414.3 1 0
github.com/opensecstack/apiguard/internal/scanner/scanner.go:415.2,419.20 3 0
github.com/opensecstack/apiguard/internal/scanner/scanner.go:419.20,422.3 2 0
github.com/opensecstack/apiguard/internal/scanner/scanner.go:427.2,436.102 3 0
github.com/opensecstack/apiguard/internal/scanner/scanner.go:436.102,438.3 1 0
github.com/opensecstack/apiguard/internal/scanner/scanner.go:438.8,440.3 1 0
github.com/opensecstack/apiguard/internal/scanner/scanner.go:443.2,444.37 2 0
github.com/opensecstack/apiguard/internal/scanner/scanner.go:444.37,448.27 3 0
github.com/opensecstack/apiguard/internal/scanner/scanner.go:448.27,451.36 3 0
github.com/opensecstack/apiguard/internal/scanner/scanner.go:451.36,452.20 1 0
github.com/opensecstack/apiguard/internal/scanner/scanner.go:452.20,454.6 1 0
github.com/opensecstack/apiguard/internal/scanner/scanner.go:456.4,456.59 1 0
github.com/opensecstack/apiguard/internal/scanner/scanner.go:456.59,458.5 1 0
github.com/opensecstack/apiguard/internal/scanner/scanner.go:460.3,467.5 1 0
github.com/opensecstack/apiguard/internal/scanner/scanner.go:471.2,472.33 2 0
github.com/opensecstack/apiguard/internal/scanner/scanner.go:472.33,474.3 1 0
github.com/opensecstack/apiguard/internal/scanner/scanner.go:476.2,479.47 2 0
github.com/opensecstack/apiguard/internal/scanner/scanner.go:479.47,481.21 2 0
github.com/opensecstack/apiguard/internal/scanner/scanner.go:481.21,484.4 1 0
github.com/opensecstack/apiguard/internal/scanner/scanner.go:485.3,485.21 1 0
github.com/opensecstack/apiguard/internal/scanner/scanner.go:485.21,487.38 2 0
github.com/opensecstack/apiguard/internal/scanner/scanner.go:487.38,489.5 1 0
github.com/opensecstack/apiguard/internal/scanner/scanner.go:490.4,490.31 1 0
github.com/opensecstack/apiguard/internal/scanner/scanner.go:490.31,491.22 1 0
github.com/opensecstack/apiguard/internal/scanner/scanner.go:491.22,493.14 2 0
github.com/opensecstack/apiguard/internal/scanner/scanner.go:495.5,496.97 2 0
github.com/opensecstack/apiguard/internal/scanner/scanner.go:501.2,504.37 3 0
github.com/opensecstack/apiguard/internal/scanner/scanner.go:504.37,505.66 1 0
github.com/opensecstack/apiguard/internal/scanner/scanner.go:505.66,507.4 1 0
github.com/opensecstack/apiguard/internal/scanner/scanner.go:510.2,510.37 1 0
github.com/opensecstack/apiguard/internal/scanner/scanner.go:510.37,511.59 1 0
github.com/opensecstack/apiguard/internal/scanner/scanner.go:511.59,512.12 1 0
github.com/opensecstack/apiguard/internal/scanner/scanner.go:515.3,520.20 5 0
github.com/opensecstack/apiguard/internal/scanner/scanner.go:520.20,522.12 2 0
github.com/opensecstack/apiguard/internal/scanner/scanner.go:525.3,530.52 2 0
github.com/opensecstack/apiguard/internal/scanner/scanner.go:534.2,535.32 2 0
github.com/opensecstack/apiguard/internal/scanner/scanner.go:535.32,536.21 1 0
github.com/opensecstack/apiguard/internal/scanner/scanner.go:537.32,538.22 1 0
github.com/opensecstack/apiguard/internal/scanner/scanner.go:539.28,540.18 1 0
github.com/opensecstack/apiguard/internal/scanner/scanner.go:541.30,542.20 1 0
github.com/opensecstack/apiguard/internal/scanner/scanner.go:543.27,544.17 1 0
github.com/opensecstack/apiguard/internal/scanner/scanner.go:545.28,546.18 1 0
github.com/opensecstack/apiguard/internal/scanner/scanner.go:550.2,550.24 1 0
github.com/opensecstack/apiguard/internal/scanner/scanner.go:550.24,552.3 1 0
github.com/opensecstack/apiguard/internal/scanner/scanner.go:554.2,572.20 3 0
github.com/opensecstack/apiguard/internal/scanner/scanner.go:576.88,584.64 5 0
github.com/opensecstack/apiguard/internal/scanner/scanner.go:584.64,586.3 1 0
github.com/opensecstack/apiguard/internal/scanner/scanner.go:588.2,588.53 1 0
github.com/opensecstack/apiguard/internal/scanner/scanner.go:588.53,590.3 1 0
github.com/opensecstack/apiguard/internal/scanner/scanner.go:596.2,605.34 4 0
github.com/opensecstack/apiguard/internal/scanner/scanner.go:605.34,607.3 1 0
github.com/opensecstack/apiguard/internal/scanner/scanner.go:610.2,611.16 2 0
github.com/opensecstack/apiguard/internal/scanner/scanner.go:611.16,613.3 1 0
github.com/opensecstack/apiguard/internal/scanner/scanner.go:615.2,616.56 2 0
github.com/opensecstack/apiguard/internal/scanner/scanner.go:616.56,618.3 1 0
github.com/opensecstack/apiguard/internal/scanner/scanner.go:620.2,620.21 1 0
github.com/opensecstack/apiguard/internal/scanner/scanner.go:625.71,627.16 2 0
github.com/opensecstack/apiguard/internal/scanner/scanner.go:627.16,629.3 1 0
github.com/opensecstack/apiguard/internal/scanner/scanner.go:631.2,634.61 3 0
github.com/opensecstack/apiguard/internal/scanner/scanner.go:634.61,636.3 1 0
github.com/opensecstack/apiguard/internal/scanner/scanner.go:638.2,638.24 1 0
